Archive member included to satisfy reference by file (symbol)

.\CortexM3\ARM_GCC_541\Debug\Stream mode.a(UART_1.o)
                              .\CortexM3\ARM_GCC_541\Debug\main.o (UART_1_Start)
.\CortexM3\ARM_GCC_541\Debug\Stream mode.a(I2C_Master.o)
                              .\CortexM3\ARM_GCC_541\Debug\I2C_Interface.o (I2C_Master_Start)
.\CortexM3\ARM_GCC_541\Debug\Stream mode.a(I2C_Master_INT.o)
                              .\CortexM3\ARM_GCC_541\Debug\Stream mode.a(I2C_Master.o) (I2C_Master_ISR)
.\CortexM3\ARM_GCC_541\Debug\Stream mode.a(I2C_Master_PM.o)
                              .\CortexM3\ARM_GCC_541\Debug\Stream mode.a(I2C_Master.o) (I2C_Master_backup)
.\CortexM3\ARM_GCC_541\Debug\Stream mode.a(I2C_Master_MASTER.o)
                              .\CortexM3\ARM_GCC_541\Debug\Stream mode.a(I2C_Master.o) (I2C_Master_mstrStatus)
.\CortexM3\ARM_GCC_541\Debug\Stream mode.a(UART_1_IntClock.o)
                              .\CortexM3\ARM_GCC_541\Debug\Stream mode.a(UART_1.o) (UART_1_IntClock_Start)
.\CortexM3\ARM_GCC_541\Debug\Stream mode.a(CyLib.o)
                              .\CortexM3\ARM_GCC_541\Debug\Cm3Start.o (CyHalt)
.\CortexM3\ARM_GCC_541\Debug\Stream mode.a(cyPm.o)
                              .\CortexM3\ARM_GCC_541\Debug\Stream mode.a(CyLib.o) (CyPmReadStatus)
.\CortexM3\ARM_GCC_541\Debug\Stream mode.a(isr_acc_1.o)
                              .\CortexM3\ARM_GCC_541\Debug\main.o (isr_acc_1_StartEx)
.\CortexM3\ARM_GCC_541\Debug\Stream mode.a(isr_stream_1.o)
                              .\CortexM3\ARM_GCC_541\Debug\main.o (isr_stream_1_StartEx)
.\CortexM3\ARM_GCC_541\Debug\Stream mode.a(EEPROM.o)
                              .\CortexM3\ARM_GCC_541\Debug\main.o (EEPROM_Start)
.\CortexM3\ARM_GCC_541\Debug\Stream mode.a(LED_R.o)
                              .\CortexM3\ARM_GCC_541\Debug\main.o (LED_R_Write)
.\CortexM3\ARM_GCC_541\Debug\Stream mode.a(LED_B.o)
                              .\CortexM3\ARM_GCC_541\Debug\main.o (LED_B_Write)
.\CortexM3\ARM_GCC_541\Debug\Stream mode.a(LED_G.o)
                              .\CortexM3\ARM_GCC_541\Debug\main.o (LED_G_Write)
.\CortexM3\ARM_GCC_541\Debug\Stream mode.a(ADC_DelSig.o)
                              .\CortexM3\ARM_GCC_541\Debug\main.o (ADC_DelSig_Start)
.\CortexM3\ARM_GCC_541\Debug\Stream mode.a(ADC_DelSig_INT.o)
                              .\CortexM3\ARM_GCC_541\Debug\Stream mode.a(ADC_DelSig.o) (ADC_DelSig_ISR1)
.\CortexM3\ARM_GCC_541\Debug\Stream mode.a(Timer_1H.o)
                              .\CortexM3\ARM_GCC_541\Debug\main.o (Timer_1H_Enable)
.\CortexM3\ARM_GCC_541\Debug\Stream mode.a(isr_Counter_3.o)
                              .\CortexM3\ARM_GCC_541\Debug\main.o (isr_Counter_3_StartEx)
.\CortexM3\ARM_GCC_541\Debug\Stream mode.a(ADC_DelSig_AMux.o)
                              .\CortexM3\ARM_GCC_541\Debug\Stream mode.a(ADC_DelSig.o) (ADC_DelSig_AMux_Select)
.\CortexM3\ARM_GCC_541\Debug\Stream mode.a(ADC_DelSig_Ext_CP_Clk.o)
                              .\CortexM3\ARM_GCC_541\Debug\Stream mode.a(ADC_DelSig.o) (ADC_DelSig_Ext_CP_Clk_SetModeRegister)
.\CortexM3\ARM_GCC_541\Debug\Stream mode.a(ADC_DelSig_theACLK.o)
                              .\CortexM3\ARM_GCC_541\Debug\Stream mode.a(ADC_DelSig.o) (ADC_DelSig_theACLK_SetModeRegister)
.\CortexM3\ARM_GCC_541\Debug\Stream mode.a(isr_Counter_1H.o)
                              .\CortexM3\ARM_GCC_541\Debug\main.o (isr_Counter_1H_StartEx)
.\CortexM3\ARM_GCC_541\Debug\Stream mode.a(Timer_3.o)
                              .\CortexM3\ARM_GCC_541\Debug\main.o (Timer_3_Enable)
.\CortexM3\ARM_GCC_541\Debug\Stream mode.a(PWM_BUZ.o)
                              .\CortexM3\ARM_GCC_541\Debug\InterruptRoutines.o (PWM_BUZ_Stop)
.\CortexM3\ARM_GCC_541\Debug\Stream mode.a(isr_Counter_30.o)
                              .\CortexM3\ARM_GCC_541\Debug\main.o (isr_Counter_30_StartEx)
.\CortexM3\ARM_GCC_541\Debug\Stream mode.a(Timer_30.o)
                              .\CortexM3\ARM_GCC_541\Debug\main.o (Timer_30_Enable)
.\CortexM3\ARM_GCC_541\Debug\Stream mode.a(PWM_LED.o)
                              .\CortexM3\ARM_GCC_541\Debug\InterruptRoutines.o (PWM_LED_Stop)
.\CortexM3\ARM_GCC_541\Debug\Stream mode.a(CyBootAsmGnu.o)
                              .\CortexM3\ARM_GCC_541\Debug\cyfitter_cfg.o (CyDelayCycles)
.\CortexM3\ARM_GCC_541\Debug\Stream mode.a(CyFlash.o)
                              .\CortexM3\ARM_GCC_541\Debug\Stream mode.a(EEPROM.o) (dieTemperature)
.\CortexM3\ARM_GCC_541\Debug\Stream mode.a(CySpc.o)
                              .\CortexM3\ARM_GCC_541\Debug\Stream mode.a(EEPROM.o) (CySpcStart)
c:/program files (x86)/cypress/psoc creator/4.4/psoc creator/import/gnu/arm/5.4.1/bin/../lib/gcc/arm-none-eabi/5.4.1/armv7-m\libgcc.a(_arm_addsubdf3.o)
                              .\CortexM3\ARM_GCC_541\Debug\InterruptRoutines.o (__aeabi_dsub)
[...]
Memory Configuration

Name             Origin             Length             Attributes
rom              0x00000000         0x00040000         xr
ram              0x1fff8000         0x00010000         xrw
*default*        0x00000000         0xffffffff

Linker script and memory map

LOAD c:/program files (x86)/cypress/psoc creator/4.4/psoc creator/import/gnu/arm/5.4.1/bin/../lib/gcc/arm-none-eabi/5.4.1/armv7-m/crti.o
LOAD c:/program files (x86)/cypress/psoc creator/4.4/psoc creator/import/gnu/arm/5.4.1/bin/../lib/gcc/arm-none-eabi/5.4.1/armv7-m/crtbegin.o
LOAD c:/program files (x86)/cypress/psoc creator/4.4/psoc creator/import/gnu/arm/5.4.1/bin/../lib/gcc/arm-none-eabi/5.4.1/../../../../arm-none-eabi/lib/armv7-m/crt0.o
START GROUP
LOAD .\CortexM3\ARM_GCC_541\Debug\main.o
LOAD .\CortexM3\ARM_GCC_541\Debug\I2C_Interface.o
LOAD .\CortexM3\ARM_GCC_541\Debug\InterruptRoutines.o
LOAD .\CortexM3\ARM_GCC_541\Debug\ssd1306.o
LOAD .\CortexM3\ARM_GCC_541\Debug\cyfitter_cfg.o
LOAD .\CortexM3\ARM_GCC_541\Debug\cymetadata.o
LOAD .\CortexM3\ARM_GCC_541\Debug\Cm3Start.o
LOAD .\CortexM3\ARM_GCC_541\Debug\Stream mode.a
LOAD C:\Program Files (x86)\Cypress\PSoC Creator\4.4\PSoC Creator\psoc\content\cycomponentlibrary\CyComponentLibrary.cylib\CortexM3\ARM_GCC_541\Debug\CyComponentLibrary.a
END GROUP
START GROUP
LOAD c:/program files (x86)/cypress/psoc creator/4.4/psoc creator/import/gnu/arm/5.4.1/bin/../lib/gcc/arm-none-eabi/5.4.1/armv7-m\libgcc.a
LOAD c:/program files (x86)/cypress/psoc creator/4.4/psoc creator/import/gnu/arm/5.4.1/bin/../lib/gcc/arm-none-eabi/5.4.1/../../../../arm-none-eabi/lib/armv7-m\libg_nano.a
LOAD c:/program files (x86)/cypress/psoc creator/4.4/psoc creator/import/gnu/arm/5.4.1/bin/../lib/gcc/arm-none-eabi/5.4.1/../../../../arm-none-eabi/lib/armv7-m\libc_nano.a
END GROUP
START GROUP
LOAD c:/program files (x86)/cypress/psoc creator/4.4/psoc creator/import/gnu/arm/5.4.1/bin/../lib/gcc/arm-none-eabi/5.4.1/armv7-m\libgcc.a
LOAD c:/program files (x86)/cypress/psoc creator/4.4/psoc creator/import/gnu/arm/5.4.1/bin/../lib/gcc/arm-none-eabi/5.4.1/../../../../arm-none-eabi/lib/armv7-m\libc_nano.a
END GROUP
LOAD c:/program files (x86)/cypress/psoc creator/4.4/psoc creator/import/gnu/arm/5.4.1/bin/../lib/gcc/arm-none-eabi/5.4.1/armv7-m/crtend.o
LOAD c:/program files (x86)/cypress/psoc creator/4.4/psoc creator/import/gnu/arm/5.4.1/bin/../lib/gcc/arm-none-eabi/5.4.1/armv7-m/crtn.o
START GROUP
LOAD c:/program files (x86)/cypress/psoc creator/4.4/psoc creator/import/gnu/arm/5.4.1/bin/../lib/gcc/arm-none-eabi/5.4.1/armv7-m\libgcc.a
LOAD c:/program files (x86)/cypress/psoc creator/4.4/psoc creator/import/gnu/arm/5.4.1/bin/../lib/gcc/arm-none-eabi/5.4.1/../../../../arm-none-eabi/lib/armv7-m\libc.a
LOAD c:/program files (x86)/cypress/psoc creator/4.4/psoc creator/import/gnu/arm/5.4.1/bin/../lib/gcc/arm-none-eabi/5.4.1/../../../../arm-none-eabi/lib/armv7-m\libnosys.a
END GROUP
                0x00000000                CY_APPL_ORIGIN = 0x0
                0x00000100                CY_FLASH_ROW_SIZE = 0x100
                0x00000020                CY_ECC_ROW_SIZE = 0x20
                0x00000000                CY_EE_IN_BTLDR = 0x0
                0x00000000                CY_APPL_LOADABLE = 0x0
                0x00000800                CY_EE_SIZE = 0x800
                0x00000001                CY_APPL_NUM = 0x1
                0x00000001                CY_APPL_MAX = 0x1
                0x00000040                CY_METADATA_SIZE = 0x40
                0x00000000                CY_APPL_LOADABLE = 0x0
                0x00000000                CY_CHECKSUM_EXCLUDE_SIZE = ALIGN (0x0, CY_FLASH_ROW_SIZE)
                [!provide]                PROVIDE (__cy_heap_start, _end)
                0x00000001                PROVIDE (__cy_region_num, ((__cy_regions_end - __cy_regions) / 0x10))
                0x20008000                PROVIDE (__cy_stack, (ORIGIN (ram) + LENGTH (ram)))
                [!provide]                PROVIDE (__cy_heap_end, (__cy_stack - 0x800))

.cybootloader   0x00000000        0x0
 *(.cybootloader)
                0x00000000                appl1_start = CY_APPL_ORIGIN?CY_APPL_ORIGIN:ALIGN (CY_FLASH_ROW_SIZE)
                0x0001ff00                appl2_start = (appl1_start + ALIGN ((((LENGTH (rom) - appl1_start) - (0x2 * CY_FLASH_ROW_SIZE)) / 0x2), CY_FLASH_ROW_SIZE))
                0x00000000                appl_start = (CY_APPL_NUM == 0x1)?appl1_start:appl2_start
                0x00000000                ecc_offset = ((appl_start / CY_FLASH_ROW_SIZE) * CY_ECC_ROW_SIZE)
                0x00000000                ee_offset = (CY_APPL_LOADABLE && ! (CY_EE_IN_BTLDR))?((CY_EE_SIZE / CY_APPL_MAX) * (CY_APPL_NUM - 0x1)):0x0
                0x00000800                ee_size = (CY_APPL_LOADABLE && ! (CY_EE_IN_BTLDR))?(CY_EE_SIZE / CY_APPL_MAX):CY_EE_SIZE
                [!provide]                PROVIDE (CY_ECC_OFFSET, ecc_offset)

.text           0x00000000     0x408c
 CREATE_OBJECT_SYMBOLS
                0x00000000                PROVIDE (__cy_interrupt_vector, RomVectors)
 *(.romvectors)
 .romvectors    0x00000000       0x10 .\CortexM3\ARM_GCC_541\Debug\Cm3Start.o
                0x00000000                RomVectors
                0x00000001                ASSERT ((. != __cy_interrupt_vector), No interrupt vector)
                0x00000001                ASSERT (CY_APPL_ORIGIN?(SIZEOF (.cybootloader) <= CY_APPL_ORIGIN):0x1, Wrong image location)
                0x00000010                PROVIDE (__cy_reset, Reset)
 *(.text.Reset)
 .text.Reset    0x00000010       0x18 .\CortexM3\ARM_GCC_541\Debug\Cm3Start.o
                0x00000010                Reset
                0x00000001                ASSERT ((. != __cy_reset), No reset code)
 *(.dma_init)
                0x00000001                ASSERT ((((appl_start + .) <= 0x10000) || 0x1), DMA Init must be within the first 64k of flash)
 *(.text .text.* .gnu.linkonce.t.*)
 .text          0x00000028       0x5c c:/program files (x86)/cypress/psoc creator/4.4/psoc creator/import/gnu/arm/5.4.1/bin/../lib/gcc/arm-none-eabi/5.4.1/armv7-m/crtbegin.o
 .text.main     0x00000084      0x148 .\CortexM3\ARM_GCC_541\Debug\main.o
                0x00000084                main
 .text.I2C_Peripheral_Start
                0x000001cc        0xc .\CortexM3\ARM_GCC_541\Debug\I2C_Interface.o
                0x000001cc                I2C_Peripheral_Start
 .text.I2C_Peripheral_ReadRegister
                0x000001d8       0x3c .\CortexM3\ARM_GCC_541\Debug\I2C_Interface.o
                0x000001d8                I2C_Peripheral_ReadRegister
 .text.I2C_Peripheral_ReadRegisterMulti
                0x00000214       0x64 .\CortexM3\ARM_GCC_541\Debug\I2C_Interface.o
                0x00000214                I2C_Peripheral_ReadRegisterMulti
 .text.I2C_Peripheral_WriteRegister
                0x00000278       0x30 .\CortexM3\ARM_GCC_541\Debug\I2C_Interface.o
                0x00000278                I2C_Peripheral_WriteRegister
 .text.Custom_ISR_Counter_3
                0x000002a8       0x20 .\CortexM3\ARM_GCC_541\Debug\InterruptRoutines.o
                0x000002a8                Custom_ISR_Counter_3
 .text.Custom_ISR_Counter_30
                0x000002c8       0x18 .\CortexM3\ARM_GCC_541\Debug\InterruptRoutines.o
                0x000002c8                Custom_ISR_Counter_30
 .text.custom_acc_1_Interrupt
                0x000002e0       0x3c .\CortexM3\ARM_GCC_541\Debug\InterruptRoutines.o
                0x000002e0                custom_acc_1_Interrupt
 .text.update_oled
                0x0000031c       0x5c .\CortexM3\ARM_GCC_541\Debug\InterruptRoutines.o
                0x0000031c                update_oled
 .text.Custom_ISR_Counter_1H
                0x00000378      0x11c .\CortexM3\ARM_GCC_541\Debug\InterruptRoutines.o
                0x00000378                Custom_ISR_Counter_1H
 .text.Custom_ISR_RX
                0x00000494      0x25c .\CortexM3\ARM_GCC_541\Debug\InterruptRoutines.o
                0x00000494                Custom_ISR_RX
 .text.display_setPixel
                0x000006f0       0x88 .\CortexM3\ARM_GCC_541\Debug\ssd1306.o
 .text.display_line
                0x00000778      0x134 .\CortexM3\ARM_GCC_541\Debug\ssd1306.o
 .text.gfx_rotation_adjust
                0x000008ac       0x68 .\CortexM3\ARM_GCC_541\Debug\ssd1306.o
 .text.gfx_hvLine
                0x00000914      0x114 .\CortexM3\ARM_GCC_541\Debug\ssd1306.o
 .text.display_write_buf
                0x00000a28       0x38 .\CortexM3\ARM_GCC_541\Debug\ssd1306.o
 .text.display_clear
                0x00000a60       0x1c .\CortexM3\ARM_GCC_541\Debug\ssd1306.o
                0x00000a60                display_clear
 .text.display_update
                0x00000a7c       0x38 .\CortexM3\ARM_GCC_541\Debug\ssd1306.o
                0x00000a7c                display_update
 .text.gfx_init
                0x00000ab4       0x40 .\CortexM3\ARM_GCC_541\Debug\ssd1306.o
                0x00000ab4                gfx_init
 .text.display_init
                0x00000af4       0x40 .\CortexM3\ARM_GCC_541\Debug\ssd1306.o
                0x00000af4                display_init
 .text.gfx_setCursor
                0x00000b34        0xc .\CortexM3\ARM_GCC_541\Debug\ssd1306.o
                0x00000b34                gfx_setCursor
 .text.gfx_setTextSize
                0x00000b40       0x10 .\CortexM3\ARM_GCC_541\Debug\ssd1306.o
                0x00000b40                gfx_setTextSize
 .text.gfx_setTextColor
                0x00000b50        0xc .\CortexM3\ARM_GCC_541\Debug\ssd1306.o
                0x00000b50                gfx_setTextColor
 .text.gfx_drawPixel
                0x00000b5c       0x4c .\CortexM3\ARM_GCC_541\Debug\ssd1306.o
                0x00000b5c                gfx_drawPixel
 .text.gfx_drawLine
                0x00000ba8       0xd8 .\CortexM3\ARM_GCC_541\Debug\ssd1306.o
                0x00000ba8                gfx_drawLine
 .text.gfx_fillRect
                0x00000c80       0x68 .\CortexM3\ARM_GCC_541\Debug\ssd1306.o
                0x00000c80                gfx_fillRect
 .text.gfx_drawChar
                0x00000ce8       0xf0 .\CortexM3\ARM_GCC_541\Debug\ssd1306.o
                0x00000ce8                gfx_drawChar
 .text.gfx_write
                0x00000dd8       0x78 .\CortexM3\ARM_GCC_541\Debug\ssd1306.o
                0x00000dd8                gfx_write
 .text.gfx_print
                0x00000e50       0x1c .\CortexM3\ARM_GCC_541\Debug\ssd1306.o
                0x00000e50                gfx_print
 .text.gfx_println
                0x00000e6c       0x10 .\CortexM3\ARM_GCC_541\Debug\ssd1306.o
                0x00000e6c                gfx_println
 .text.CyClockStartupError
                0x00000e7c        0x4 .\CortexM3\ARM_GCC_541\Debug\cyfitter_cfg.o
 .text.cfg_write_bytes32
                0x00000e80       0x34 .\CortexM3\ARM_GCC_541\Debug\cyfitter_cfg.o
 .text.AnalogSetDefault
                0x00000eb4       0x38 .\CortexM3\ARM_GCC_541\Debug\cyfitter_cfg.o
 .text.CYMEMZERO
                0x00000eec        0xc .\CortexM3\ARM_GCC_541\Debug\cyfitter_cfg.o
 .text.CYCONFIGCPY
                0x00000ef8        0x8 .\CortexM3\ARM_GCC_541\Debug\cyfitter_cfg.o
 .text.ClockSetup
                0x00000f00      0x134 .\CortexM3\ARM_GCC_541\Debug\cyfitter_cfg.o
 .text.ADC_DelSig_AMux_Set
                0x00001034       0x1c .\CortexM3\ARM_GCC_541\Debug\cyfitter_cfg.o
                0x00001034                ADC_DelSig_AMux_Set
 .text.ADC_DelSig_AMux_Unset
                0x00001050       0x1c .\CortexM3\ARM_GCC_541\Debug\cyfitter_cfg.o
                0x00001050                ADC_DelSig_AMux_Unset
 .text.cyfitter_cfg
                0x0000106c      0x12c .\CortexM3\ARM_GCC_541\Debug\cyfitter_cfg.o
                0x0000106c                cyfitter_cfg
 .text.IntDefaultHandler
                0x00001198       0x10 .\CortexM3\ARM_GCC_541\Debug\Cm3Start.o
                0x00001198                IntDefaultHandler
 .text._sbrk    0x000011a8       0x30 .\CortexM3\ARM_GCC_541\Debug\Cm3Start.o
                0x000011a8                _sbrk
 .text.Start_c  0x000011d8       0x4c .\CortexM3\ARM_GCC_541\Debug\Cm3Start.o
                0x000011d8                Start_c
 .text.initialize_psoc
                0x00001224       0x68 .\CortexM3\ARM_GCC_541\Debug\Cm3Start.o
                0x00001224                initialize_psoc
 .text.UART_1_Init
                0x0000128c       0x24 .\CortexM3\ARM_GCC_541\Debug\Stream mode.a(UART_1.o)
                0x0000128c                UART_1_Init
 .text.UART_1_Enable
                0x000012b0       0x38 .\CortexM3\ARM_GCC_541\Debug\Stream mode.a(UART_1.o)
                0x000012b0                UART_1_Enable
 .text.UART_1_Start
                0x000012e8       0x1c .\CortexM3\ARM_GCC_541\Debug\Stream mode.a(UART_1.o)
                0x000012e8                UART_1_Start
 .text.UART_1_GetChar
                0x00001304       0x2c .\CortexM3\ARM_GCC_541\Debug\Stream mode.a(UART_1.o)
                0x00001304                UART_1_GetChar
 .text.UART_1_PutChar
                0x00001330       0x18 .\CortexM3\ARM_GCC_541\Debug\Stream mode.a(UART_1.o)
                0x00001330                UART_1_PutChar
 .text.UART_1_PutString
                0x00001348       0x24 .\CortexM3\ARM_GCC_541\Debug\Stream mode.a(UART_1.o)
                0x00001348                UART_1_PutString
 .text.UART_1_PutArray
                0x0000136c       0x28 .\CortexM3\ARM_GCC_541\Debug\Stream mode.a(UART_1.o)
                0x0000136c                UART_1_PutArray
 .text.I2C_Master_Init
                0x00001394       0x68 .\CortexM3\ARM_GCC_541\Debug\Stream mode.a(I2C_Master.o)
                0x00001394                I2C_Master_Init
 .text.I2C_Master_Enable
                0x000013fc       0x24 .\CortexM3\ARM_GCC_541\Debug\Stream mode.a(I2C_Master.o)
                0x000013fc                I2C_Master_Enable
 .text.I2C_Master_Start
                0x00001420       0x28 .\CortexM3\ARM_GCC_541\Debug\Stream mode.a(I2C_Master.o)
                0x00001420                I2C_Master_Start
 .text.I2C_Master_ISR
                0x00001448      0x2d0 .\CortexM3\ARM_GCC_541\Debug\Stream mode.a(I2C_Master_INT.o)
                0x00001448                I2C_Master_ISR
 .text.I2C_Master_MasterSendStart
                0x00001718       0x80 .\CortexM3\ARM_GCC_541\Debug\Stream mode.a(I2C_Master_MASTER.o)
                0x00001718                I2C_Master_MasterSendStart
 .text.I2C_Master_MasterSendRestart
                0x00001798       0x6c .\CortexM3\ARM_GCC_541\Debug\Stream mode.a(I2C_Master_MASTER.o)
                0x00001798                I2C_Master_MasterSendRestart
 .text.I2C_Master_MasterSendStop
                0x00001804       0x38 .\CortexM3\ARM_GCC_541\Debug\Stream mode.a(I2C_Master_MASTER.o)
                0x00001804                I2C_Master_MasterSendStop
 .text.I2C_Master_MasterWriteByte
                0x0000183c       0x58 .\CortexM3\ARM_GCC_541\Debug\Stream mode.a(I2C_Master_MASTER.o)
                0x0000183c                I2C_Master_MasterWriteByte
 .text.I2C_Master_MasterReadByte
                0x00001894       0x58 .\CortexM3\ARM_GCC_541\Debug\Stream mode.a(I2C_Master_MASTER.o)
                0x00001894                I2C_Master_MasterReadByte
 .text.UART_1_IntClock_Start
                0x000018ec       0x1c .\CortexM3\ARM_GCC_541\Debug\Stream mode.a(UART_1_IntClock.o)
                0x000018ec                UART_1_IntClock_Start
 .text.CyHalt   0x00001908        0x4 .\CortexM3\ARM_GCC_541\Debug\Stream mode.a(CyLib.o)
                0x00001908                CyHalt
 .text.CyDelay  0x0000190c       0x2c .\CortexM3\ARM_GCC_541\Debug\Stream mode.a(CyLib.o)
                0x0000190c                CyDelay
 .text.CyDelayUs
                0x00001938       0x14 .\CortexM3\ARM_GCC_541\Debug\Stream mode.a(CyLib.o)
                0x00001938                CyDelayUs
 .text.CyIntSetVector
                0x0000194c       0x28 .\CortexM3\ARM_GCC_541\Debug\Stream mode.a(CyLib.o)
                0x0000194c                CyIntSetVector
 .text.CyIntSetPriority
                0x00001974       0x30 .\CortexM3\ARM_GCC_541\Debug\Stream mode.a(CyLib.o)
                0x00001974                CyIntSetPriority
 .text.isr_acc_1_SetVector
                0x000019a4        0xc .\CortexM3\ARM_GCC_541\Debug\Stream mode.a(isr_acc_1.o)
                0x000019a4                isr_acc_1_SetVector
 .text.isr_acc_1_SetPriority
                0x000019b0       0x10 .\CortexM3\ARM_GCC_541\Debug\Stream mode.a(isr_acc_1.o)
                0x000019b0                isr_acc_1_SetPriority
 .text.isr_acc_1_Enable
                0x000019c0        0xc .\CortexM3\ARM_GCC_541\Debug\Stream mode.a(isr_acc_1.o)
                0x000019c0                isr_acc_1_Enable
 .text.isr_acc_1_Disable
                0x000019cc        0xc .\CortexM3\ARM_GCC_541\Debug\Stream mode.a(isr_acc_1.o)
                0x000019cc                isr_acc_1_Disable
 .text.isr_acc_1_StartEx
                0x000019d8       0x1c .\CortexM3\ARM_GCC_541\Debug\Stream mode.a(isr_acc_1.o)
                0x000019d8                isr_acc_1_StartEx
 .text.isr_stream_1_SetVector
                0x000019f4        0xc .\CortexM3\ARM_GCC_541\Debug\Stream mode.a(isr_stream_1.o)
                0x000019f4                isr_stream_1_SetVector
 .text.isr_stream_1_SetPriority
                0x00001a00       0x10 .\CortexM3\ARM_GCC_541\Debug\Stream mode.a(isr_stream_1.o)
                0x00001a00                isr_stream_1_SetPriority
 .text.isr_stream_1_Enable
                0x00001a10        0xc .\CortexM3\ARM_GCC_541\Debug\Stream mode.a(isr_stream_1.o)
                0x00001a10                isr_stream_1_Enable
 .text.isr_stream_1_Disable
                0x00001a1c        0xc .\CortexM3\ARM_GCC_541\Debug\Stream mode.a(isr_stream_1.o)
                0x00001a1c                isr_stream_1_Disable
 .text.isr_stream_1_StartEx
                0x00001a28       0x1c .\CortexM3\ARM_GCC_541\Debug\Stream mode.a(isr_stream_1.o)
                0x00001a28                isr_stream_1_StartEx
 .text.EEPROM_Enable
                0x00001a44        0xc .\CortexM3\ARM_GCC_541\Debug\Stream mode.a(EEPROM.o)
                0x00001a44                EEPROM_Enable
 .text.EEPROM_Start
                0x00001a50        0x8 .\CortexM3\ARM_GCC_541\Debug\Stream mode.a(EEPROM.o)
                0x00001a50                EEPROM_Start
 .text.EEPROM_WriteByte
                0x00001a58       0xd0 .\CortexM3\ARM_GCC_541\Debug\Stream mode.a(EEPROM.o)
                0x00001a58                EEPROM_WriteByte
 .text.EEPROM_ReadByte
                0x00001b28       0x28 .\CortexM3\ARM_GCC_541\Debug\Stream mode.a(EEPROM.o)
                0x00001b28                EEPROM_ReadByte
 .text.EEPROM_UpdateTemperature
                0x00001b50        0xc .\CortexM3\ARM_GCC_541\Debug\Stream mode.a(EEPROM.o)
                0x00001b50                EEPROM_UpdateTemperature
 .text.LED_R_Write
                0x00001b5c       0x18 .\CortexM3\ARM_GCC_541\Debug\Stream mode.a(LED_R.o)
                0x00001b5c                LED_R_Write
 .text.LED_B_Write
                0x00001b74       0x18 .\CortexM3\ARM_GCC_541\Debug\Stream mode.a(LED_B.o)
                0x00001b74                LED_B_Write
 .text.LED_G_Write
                0x00001b8c       0x18 .\CortexM3\ARM_GCC_541\Debug\Stream mode.a(LED_G.o)
                0x00001b8c                LED_G_Write
 .text.ADC_DelSig_GainCompensation
                0x00001ba4       0xdc .\CortexM3\ARM_GCC_541\Debug\Stream mode.a(ADC_DelSig.o)
 .text.ADC_DelSig_SetDSMRef0Reg
                0x00001c80       0x4c .\CortexM3\ARM_GCC_541\Debug\Stream mode.a(ADC_DelSig.o)
 .text.ADC_DelSig_InitConfig
                0x00001ccc       0xe0 .\CortexM3\ARM_GCC_541\Debug\Stream mode.a(ADC_DelSig.o)
 .text.ADC_DelSig_Init
                0x00001dac       0xc4 .\CortexM3\ARM_GCC_541\Debug\Stream mode.a(ADC_DelSig.o)
                0x00001dac                ADC_DelSig_Init
 .text.ADC_DelSig_Enable
                0x00001e70       0xd8 .\CortexM3\ARM_GCC_541\Debug\Stream mode.a(ADC_DelSig.o)
                0x00001e70                ADC_DelSig_Enable
 .text.ADC_DelSig_Start
                0x00001f48       0x28 .\CortexM3\ARM_GCC_541\Debug\Stream mode.a(ADC_DelSig.o)
                0x00001f48                ADC_DelSig_Start
 .text.ADC_DelSig_StartConvert
                0x00001f70       0x10 .\CortexM3\ARM_GCC_541\Debug\Stream mode.a(ADC_DelSig.o)
                0x00001f70                ADC_DelSig_StartConvert
 .text.ADC_DelSig_StopConvert
                0x00001f80       0x10 .\CortexM3\ARM_GCC_541\Debug\Stream mode.a(ADC_DelSig.o)
                0x00001f80                ADC_DelSig_StopConvert
 .text.ADC_DelSig_IsEndConversion
                0x00001f90       0x30 .\CortexM3\ARM_GCC_541\Debug\Stream mode.a(ADC_DelSig.o)
                0x00001f90                ADC_DelSig_IsEndConversion
 .text.ADC_DelSig_GetResult32
                0x00001fc0       0x6c .\CortexM3\ARM_GCC_541\Debug\Stream mode.a(ADC_DelSig.o)
                0x00001fc0                ADC_DelSig_GetResult32
 .text.ADC_DelSig_CountsTo_Volts
                0x0000202c       0x28 .\CortexM3\ARM_GCC_541\Debug\Stream mode.a(ADC_DelSig.o)
                0x0000202c                ADC_DelSig_CountsTo_Volts
 .text.ADC_DelSig_Read32
                0x00002054       0x28 .\CortexM3\ARM_GCC_541\Debug\Stream mode.a(ADC_DelSig.o)
                0x00002054                ADC_DelSig_Read32
 .text.ADC_DelSig_ISR1
                0x0000207c        0x4 .\CortexM3\ARM_GCC_541\Debug\Stream mode.a(ADC_DelSig_INT.o)
                0x0000207c                ADC_DelSig_ISR1
 .text.Timer_1H_Enable
                0x00002080       0x10 .\CortexM3\ARM_GCC_541\Debug\Stream mode.a(Timer_1H.o)
                0x00002080                Timer_1H_Enable
 .text.Timer_1H_SetInterruptMode
                0x00002090        0xc .\CortexM3\ARM_GCC_541\Debug\Stream mode.a(Timer_1H.o)
                0x00002090                Timer_1H_SetInterruptMode
 .text.Timer_1H_ReadStatusRegister
                0x0000209c        0xc .\CortexM3\ARM_GCC_541\Debug\Stream mode.a(Timer_1H.o)
                0x0000209c                Timer_1H_ReadStatusRegister
 .text.Timer_1H_WritePeriod
                0x000020a8        0xc .\CortexM3\ARM_GCC_541\Debug\Stream mode.a(Timer_1H.o)
                0x000020a8                Timer_1H_WritePeriod
 .text.Timer_1H_ReadCapture
                0x000020b4        0xc .\CortexM3\ARM_GCC_541\Debug\Stream mode.a(Timer_1H.o)
                0x000020b4                Timer_1H_ReadCapture
 .text.Timer_1H_WriteCounter
                0x000020c0        0xc .\CortexM3\ARM_GCC_541\Debug\Stream mode.a(Timer_1H.o)
                0x000020c0                Timer_1H_WriteCounter
 .text.Timer_1H_ClearFIFO
                0x000020cc       0x14 .\CortexM3\ARM_GCC_541\Debug\Stream mode.a(Timer_1H.o)
                0x000020cc                Timer_1H_ClearFIFO
 .text.Timer_1H_Init
                0x000020e0       0x34 .\CortexM3\ARM_GCC_541\Debug\Stream mode.a(Timer_1H.o)
                0x000020e0                Timer_1H_Init
 .text.Timer_1H_Start
                0x00002114       0x1c .\CortexM3\ARM_GCC_541\Debug\Stream mode.a(Timer_1H.o)
                0x00002114                Timer_1H_Start
 .text.isr_Counter_3_SetVector
                0x00002130        0xc .\CortexM3\ARM_GCC_541\Debug\Stream mode.a(isr_Counter_3.o)
                0x00002130                isr_Counter_3_SetVector
 .text.isr_Counter_3_SetPriority
                0x0000213c       0x10 .\CortexM3\ARM_GCC_541\Debug\Stream mode.a(isr_Counter_3.o)
                0x0000213c                isr_Counter_3_SetPriority
 .text.isr_Counter_3_Enable
                0x0000214c        0xc .\CortexM3\ARM_GCC_541\Debug\Stream mode.a(isr_Counter_3.o)
                0x0000214c                isr_Counter_3_Enable
 .text.isr_Counter_3_Disable
                0x00002158        0xc .\CortexM3\ARM_GCC_541\Debug\Stream mode.a(isr_Counter_3.o)
                0x00002158                isr_Counter_3_Disable
 .text.isr_Counter_3_StartEx
                0x00002164       0x1c .\CortexM3\ARM_GCC_541\Debug\Stream mode.a(isr_Counter_3.o)
                0x00002164                isr_Counter_3_StartEx
 .text.ADC_DelSig_AMux_Start
                0x00002180       0x20 .\CortexM3\ARM_GCC_541\Debug\Stream mode.a(ADC_DelSig_AMux.o)
                0x00002180                ADC_DelSig_AMux_Start
 .text.ADC_DelSig_AMux_Select
                0x000021a0       0x18 .\CortexM3\ARM_GCC_541\Debug\Stream mode.a(ADC_DelSig_AMux.o)
                0x000021a0                ADC_DelSig_AMux_Select
 .text.ADC_DelSig_Ext_CP_Clk_GetDividerRegister
                0x000021b8        0xc .\CortexM3\ARM_GCC_541\Debug\Stream mode.a(ADC_DelSig_Ext_CP_Clk.o)
                0x000021b8                ADC_DelSig_Ext_CP_Clk_GetDividerRegister
 .text.ADC_DelSig_Ext_CP_Clk_SetModeRegister
                0x000021c4       0x14 .\CortexM3\ARM_GCC_541\Debug\Stream mode.a(ADC_DelSig_Ext_CP_Clk.o)
                0x000021c4                ADC_DelSig_Ext_CP_Clk_SetModeRegister
 .text.ADC_DelSig_Ext_CP_Clk_GetSourceRegister
                0x000021d8       0x10 .\CortexM3\ARM_GCC_541\Debug\Stream mode.a(ADC_DelSig_Ext_CP_Clk.o)
                0x000021d8                ADC_DelSig_Ext_CP_Clk_GetSourceRegister
 .text.ADC_DelSig_Ext_CP_Clk_SetDividerRegister
                0x000021e8       0xd8 .\CortexM3\ARM_GCC_541\Debug\Stream mode.a(ADC_DelSig_Ext_CP_Clk.o)
                0x000021e8                ADC_DelSig_Ext_CP_Clk_SetDividerRegister
 .text.ADC_DelSig_theACLK_GetDividerRegister
                0x000022c0        0xc .\CortexM3\ARM_GCC_541\Debug\Stream mode.a(ADC_DelSig_theACLK.o)
                0x000022c0                ADC_DelSig_theACLK_GetDividerRegister
 .text.ADC_DelSig_theACLK_SetModeRegister
                0x000022cc       0x14 .\CortexM3\ARM_GCC_541\Debug\Stream mode.a(ADC_DelSig_theACLK.o)
                0x000022cc                ADC_DelSig_theACLK_SetModeRegister
 .text.ADC_DelSig_theACLK_GetSourceRegister
                0x000022e0       0x10 .\CortexM3\ARM_GCC_541\Debug\Stream mode.a(ADC_DelSig_theACLK.o)
                0x000022e0                ADC_DelSig_theACLK_GetSourceRegister
 .text.ADC_DelSig_theACLK_SetDividerRegister
                0x000022f0       0xd8 .\CortexM3\ARM_GCC_541\Debug\Stream mode.a(ADC_DelSig_theACLK.o)
                0x000022f0                ADC_DelSig_theACLK_SetDividerRegister
 .text.isr_Counter_1H_SetVector
                0x000023c8        0xc .\CortexM3\ARM_GCC_541\Debug\Stream mode.a(isr_Counter_1H.o)
                0x000023c8                isr_Counter_1H_SetVector
 .text.isr_Counter_1H_SetPriority
                0x000023d4       0x10 .\CortexM3\ARM_GCC_541\Debug\Stream mode.a(isr_Counter_1H.o)
                0x000023d4                isr_Counter_1H_SetPriority
 .text.isr_Counter_1H_Enable
                0x000023e4        0xc .\CortexM3\ARM_GCC_541\Debug\Stream mode.a(isr_Counter_1H.o)
                0x000023e4                isr_Counter_1H_Enable
 .text.isr_Counter_1H_Disable
                0x000023f0        0xc .\CortexM3\ARM_GCC_541\Debug\Stream mode.a(isr_Counter_1H.o)
                0x000023f0                isr_Counter_1H_Disable
 .text.isr_Counter_1H_StartEx
                0x000023fc       0x1c .\CortexM3\ARM_GCC_541\Debug\Stream mode.a(isr_Counter_1H.o)
                0x000023fc                isr_Counter_1H_StartEx
 .text.Timer_3_Enable
                0x00002418       0x10 .\CortexM3\ARM_GCC_541\Debug\Stream mode.a(Timer_3.o)
                0x00002418                Timer_3_Enable
 .text.Timer_3_Stop
                0x00002428       0x10 .\CortexM3\ARM_GCC_541\Debug\Stream mode.a(Timer_3.o)
                0x00002428                Timer_3_Stop
 .text.Timer_3_SetInterruptMode
                0x00002438        0xc .\CortexM3\ARM_GCC_541\Debug\Stream mode.a(Timer_3.o)
                0x00002438                Timer_3_SetInterruptMode
 .text.Timer_3_ReadStatusRegister
                0x00002444        0xc .\CortexM3\ARM_GCC_541\Debug\Stream mode.a(Timer_3.o)
                0x00002444                Timer_3_ReadStatusRegister
 .text.Timer_3_WritePeriod
                0x00002450        0xc .\CortexM3\ARM_GCC_541\Debug\Stream mode.a(Timer_3.o)
                0x00002450                Timer_3_WritePeriod
 .text.Timer_3_ReadCapture
                0x0000245c        0xc .\CortexM3\ARM_GCC_541\Debug\Stream mode.a(Timer_3.o)
                0x0000245c                Timer_3_ReadCapture
 .text.Timer_3_WriteCounter
                0x00002468        0xc .\CortexM3\ARM_GCC_541\Debug\Stream mode.a(Timer_3.o)
                0x00002468                Timer_3_WriteCounter
 .text.Timer_3_ClearFIFO
                0x00002474       0x14 .\CortexM3\ARM_GCC_541\Debug\Stream mode.a(Timer_3.o)
                0x00002474                Timer_3_ClearFIFO
 .text.Timer_3_Init
                0x00002488       0x30 .\CortexM3\ARM_GCC_541\Debug\Stream mode.a(Timer_3.o)
                0x00002488                Timer_3_Init
 .text.Timer_3_Start
                0x000024b8       0x1c .\CortexM3\ARM_GCC_541\Debug\Stream mode.a(Timer_3.o)
                0x000024b8                Timer_3_Start
 .text.PWM_BUZ_Enable
                0x000024d4       0x10 .\CortexM3\ARM_GCC_541\Debug\Stream mode.a(PWM_BUZ.o)
                0x000024d4                PWM_BUZ_Enable
 .text.PWM_BUZ_Stop
                0x000024e4       0x10 .\CortexM3\ARM_GCC_541\Debug\Stream mode.a(PWM_BUZ.o)
                0x000024e4                PWM_BUZ_Stop
 .text.PWM_BUZ_WriteCounter
                0x000024f4        0xc .\CortexM3\ARM_GCC_541\Debug\Stream mode.a(PWM_BUZ.o)
                0x000024f4                PWM_BUZ_WriteCounter
 .text.PWM_BUZ_WritePeriod
                0x00002500        0xc .\CortexM3\ARM_GCC_541\Debug\Stream mode.a(PWM_BUZ.o)
                0x00002500                PWM_BUZ_WritePeriod
 .text.PWM_BUZ_WriteCompare
                0x0000250c        0xc .\CortexM3\ARM_GCC_541\Debug\Stream mode.a(PWM_BUZ.o)
                0x0000250c                PWM_BUZ_WriteCompare
 .text.PWM_BUZ_SetInterruptMode
                0x00002518        0xc .\CortexM3\ARM_GCC_541\Debug\Stream mode.a(PWM_BUZ.o)
                0x00002518                PWM_BUZ_SetInterruptMode
 .text.PWM_BUZ_ReadStatusRegister
                0x00002524        0xc .\CortexM3\ARM_GCC_541\Debug\Stream mode.a(PWM_BUZ.o)
                0x00002524                PWM_BUZ_ReadStatusRegister
 .text.PWM_BUZ_ReadCapture
                0x00002530        0xc .\CortexM3\ARM_GCC_541\Debug\Stream mode.a(PWM_BUZ.o)
                0x00002530                PWM_BUZ_ReadCapture
 .text.PWM_BUZ_ClearFIFO
                0x0000253c       0x14 .\CortexM3\ARM_GCC_541\Debug\Stream mode.a(PWM_BUZ.o)
                0x0000253c                PWM_BUZ_ClearFIFO
 .text.PWM_BUZ_Init
                0x00002550       0x50 .\CortexM3\ARM_GCC_541\Debug\Stream mode.a(PWM_BUZ.o)
                0x00002550                PWM_BUZ_Init
 .text.PWM_BUZ_Start
                0x000025a0       0x1c .\CortexM3\ARM_GCC_541\Debug\Stream mode.a(PWM_BUZ.o)
                0x000025a0                PWM_BUZ_Start
 .text.isr_Counter_30_SetVector
                0x000025bc        0xc .\CortexM3\ARM_GCC_541\Debug\Stream mode.a(isr_Counter_30.o)
                0x000025bc                isr_Counter_30_SetVector
 .text.isr_Counter_30_SetPriority
                0x000025c8       0x10 .\CortexM3\ARM_GCC_541\Debug\Stream mode.a(isr_Counter_30.o)
                0x000025c8                isr_Counter_30_SetPriority
 .text.isr_Counter_30_Enable
                0x000025d8        0xc .\CortexM3\ARM_GCC_541\Debug\Stream mode.a(isr_Counter_30.o)
                0x000025d8                isr_Counter_30_Enable
 .text.isr_Counter_30_Disable
                0x000025e4        0xc .\CortexM3\ARM_GCC_541\Debug\Stream mode.a(isr_Counter_30.o)
                0x000025e4                isr_Counter_30_Disable
 .text.isr_Counter_30_StartEx
                0x000025f0       0x1c .\CortexM3\ARM_GCC_541\Debug\Stream mode.a(isr_Counter_30.o)
                0x000025f0                isr_Counter_30_StartEx
 .text.Timer_30_Enable
                0x0000260c       0x10 .\CortexM3\ARM_GCC_541\Debug\Stream mode.a(Timer_30.o)
                0x0000260c                Timer_30_Enable
 .text.Timer_30_Stop
                0x0000261c       0x10 .\CortexM3\ARM_GCC_541\Debug\Stream mode.a(Timer_30.o)
                0x0000261c                Timer_30_Stop
 .text.Timer_30_SetInterruptMode
                0x0000262c        0xc .\CortexM3\ARM_GCC_541\Debug\Stream mode.a(Timer_30.o)
                0x0000262c                Timer_30_SetInterruptMode
 .text.Timer_30_ReadStatusRegister
                0x00002638        0xc .\CortexM3\ARM_GCC_541\Debug\Stream mode.a(Timer_30.o)
                0x00002638                Timer_30_ReadStatusRegister
 .text.Timer_30_WritePeriod
                0x00002644        0xc .\CortexM3\ARM_GCC_541\Debug\Stream mode.a(Timer_30.o)
                0x00002644                Timer_30_WritePeriod
 .text.Timer_30_ReadCapture
                0x00002650        0xc .\CortexM3\ARM_GCC_541\Debug\Stream mode.a(Timer_30.o)
                0x00002650                Timer_30_ReadCapture
 .text.Timer_30_WriteCounter
                0x0000265c        0xc .\CortexM3\ARM_GCC_541\Debug\Stream mode.a(Timer_30.o)
                0x0000265c                Timer_30_WriteCounter
 .text.Timer_30_ClearFIFO
                0x00002668       0x14 .\CortexM3\ARM_GCC_541\Debug\Stream mode.a(Timer_30.o)
                0x00002668                Timer_30_ClearFIFO
 .text.Timer_30_Init
                0x0000267c       0x30 .\CortexM3\ARM_GCC_541\Debug\Stream mode.a(Timer_30.o)
                0x0000267c                Timer_30_Init
 .text.Timer_30_Start
                0x000026ac       0x1c .\CortexM3\ARM_GCC_541\Debug\Stream mode.a(Timer_30.o)
                0x000026ac                Timer_30_Start
 .text.PWM_LED_Enable
                0x000026c8       0x10 .\CortexM3\ARM_GCC_541\Debug\Stream mode.a(PWM_LED.o)
                0x000026c8                PWM_LED_Enable
 .text.PWM_LED_Stop
                0x000026d8       0x10 .\CortexM3\ARM_GCC_541\Debug\Stream mode.a(PWM_LED.o)
                0x000026d8                PWM_LED_Stop
 .text.PWM_LED_WriteCounter
                0x000026e8        0xc .\CortexM3\ARM_GCC_541\Debug\Stream mode.a(PWM_LED.o)
                0x000026e8                PWM_LED_WriteCounter
 .text.PWM_LED_WritePeriod
                0x000026f4        0xc .\CortexM3\ARM_GCC_541\Debug\Stream mode.a(PWM_LED.o)
                0x000026f4                PWM_LED_WritePeriod
 .text.PWM_LED_WriteCompare
                0x00002700        0xc .\CortexM3\ARM_GCC_541\Debug\Stream mode.a(PWM_LED.o)
                0x00002700                PWM_LED_WriteCompare
 .text.PWM_LED_SetInterruptMode
                0x0000270c        0xc .\CortexM3\ARM_GCC_541\Debug\Stream mode.a(PWM_LED.o)
                0x0000270c                PWM_LED_SetInterruptMode
 .text.PWM_LED_ReadStatusRegister
                0x00002718        0xc .\CortexM3\ARM_GCC_541\Debug\Stream mode.a(PWM_LED.o)
                0x00002718                PWM_LED_ReadStatusRegister
 .text.PWM_LED_ReadCapture
                0x00002724        0xc .\CortexM3\ARM_GCC_541\Debug\Stream mode.a(PWM_LED.o)
                0x00002724                PWM_LED_ReadCapture
 .text.PWM_LED_ClearFIFO
                0x00002730       0x14 .\CortexM3\ARM_GCC_541\Debug\Stream mode.a(PWM_LED.o)
                0x00002730                PWM_LED_ClearFIFO
 .text.PWM_LED_Init
                0x00002744       0x50 .\CortexM3\ARM_GCC_541\Debug\Stream mode.a(PWM_LED.o)
                0x00002744                PWM_LED_Init
 .text.PWM_LED_Start
                0x00002794       0x1c .\CortexM3\ARM_GCC_541\Debug\Stream mode.a(PWM_LED.o)
                0x00002794                PWM_LED_Start
 .text          0x000027b0       0x20 .\CortexM3\ARM_GCC_541\Debug\Stream mode.a(CyBootAsmGnu.o)
                0x000027b0                CyDelayCycles
                0x000027c0                CyEnterCriticalSection
                0x000027c8                CyExitCriticalSection
 .text.CySetTempInt
                0x000027d0       0x60 .\CortexM3\ARM_GCC_541\Debug\Stream mode.a(CyFlash.o)
 .text.CyFlashGetSpcAlgorithm
                0x00002830       0x4c .\CortexM3\ARM_GCC_541\Debug\Stream mode.a(CyFlash.o)
                0x00002830                CyFlashGetSpcAlgorithm
 .text.CySetTemp
                0x0000287c       0x14 .\CortexM3\ARM_GCC_541\Debug\Stream mode.a(CyFlash.o)
                0x0000287c                CySetTemp
 .text.CyEEPROM_Start
                0x00002890       0x54 .\CortexM3\ARM_GCC_541\Debug\Stream mode.a(CyFlash.o)
                0x00002890                CyEEPROM_Start
 .text.CyEEPROM_ReadReserve
                0x000028e4       0x1c .\CortexM3\ARM_GCC_541\Debug\Stream mode.a(CyFlash.o)
                0x000028e4                CyEEPROM_ReadReserve
 .text.CyEEPROM_ReadRelease
                0x00002900       0x10 .\CortexM3\ARM_GCC_541\Debug\Stream mode.a(CyFlash.o)
                0x00002900                CyEEPROM_ReadRelease
 .text.CySpcStart
                0x00002910       0x24 .\CortexM3\ARM_GCC_541\Debug\Stream mode.a(CySpc.o)
                0x00002910                CySpcStart
 .text.CySpcReadData
                0x00002934       0x34 .\CortexM3\ARM_GCC_541\Debug\Stream mode.a(CySpc.o)
                0x00002934                CySpcReadData
 .text.CySpcLoadMultiByte
                0x00002968       0x78 .\CortexM3\ARM_GCC_541\Debug\Stream mode.a(CySpc.o)
                0x00002968                CySpcLoadMultiByte
 .text.CySpcWriteRow
                0x000029e0       0x4c .\CortexM3\ARM_GCC_541\Debug\Stream mode.a(CySpc.o)
                0x000029e0                CySpcWriteRow
 .text.CySpcGetTemp
                0x00002a2c       0x3c .\CortexM3\ARM_GCC_541\Debug\Stream mode.a(CySpc.o)
                0x00002a2c                CySpcGetTemp
 .text.CySpcLock
                0x00002a68       0x4c .\CortexM3\ARM_GCC_541\Debug\Stream mode.a(CySpc.o)
                0x00002a68                CySpcLock
 .text.CySpcUnlock
                0x00002ab4       0x38 .\CortexM3\ARM_GCC_541\Debug\Stream mode.a(CySpc.o)
                0x00002ab4                CySpcUnlock
 .text.CySpcGetAlgorithm
                0x00002aec       0x28 .\CortexM3\ARM_GCC_541\Debug\Stream mode.a(CySpc.o)
                0x00002aec                CySpcGetAlgorithm
 .text          0x00002b14      0x370 c:/program files (x86)/cypress/psoc creator/4.4/psoc creator/import/gnu/arm/5.4.1/bin/../lib/gcc/arm-none-eabi/5.4.1/armv7-m\libgcc.a(_arm_addsubdf3.o)
                0x00002b14                __aeabi_drsub
                0x00002b1c                __aeabi_dsub
                0x00002b1c                __subdf3
                0x00002b20                __aeabi_dadd
                0x00002b20                __adddf3
                0x00002d98                __floatunsidf
                0x00002d98                __aeabi_ui2d
                0x00002db8                __floatsidf
                0x00002db8                __aeabi_i2d
                0x00002ddc                __aeabi_f2d
                0x00002ddc                __extendsfdf2
                0x00002e18                __floatundidf
                0x00002e18                __aeabi_ul2d
                0x00002e28                __floatdidf
                0x00002e28                __aeabi_l2d
 .text          0x00002e84      0x424 c:/program files (x86)/cypress/psoc creator/4.4/psoc creator/import/gnu/arm/5.4.1/bin/../lib/gcc/arm-none-eabi/5.4.1/armv7-m\libgcc.a(_arm_muldivdf3.o)
                0x00002e84                __aeabi_dmul
                0x00002e84                __muldf3
                0x000030d8                __divdf3
                0x000030d8                __aeabi_ddiv
 .text          0x000032a8       0x50 c:/program files (x86)/cypress/psoc creator/4.4/psoc creator/import/gnu/arm/5.4.1/bin/../lib/gcc/arm-none-eabi/5.4.1/armv7-m\libgcc.a(_arm_fixdfsi.o)
                0x000032a8                __aeabi_d2iz
                0x000032a8                __fixdfsi
 .text          0x000032f8      0x21c c:/program files (x86)/cypress/psoc creator/4.4/psoc creator/import/gnu/arm/5.4.1/bin/../lib/gcc/arm-none-eabi/5.4.1/armv7-m\libgcc.a(_arm_addsubsf3.o)
                0x000032f8                __aeabi_frsub
                0x00003300                __subsf3
                0x00003300                __aeabi_fsub
                0x00003304                __aeabi_fadd
                0x00003304                __addsf3
                0x00003464                __aeabi_ui2f
                0x00003464                __floatunsisf
                0x0000346c                __aeabi_i2f
                0x0000346c                __floatsisf
                0x00003488                __aeabi_ul2f
                0x00003488                __floatundisf
                0x00003498                __aeabi_l2f
                0x00003498                __floatdisf
 .text          0x00003514      0x2a0 c:/program files (x86)/cypress/psoc creator/4.4/psoc creator/import/gnu/arm/5.4.1/bin/../lib/gcc/arm-none-eabi/5.4.1/armv7-m\libgcc.a(_arm_muldivsf3.o)
                0x00003514                __mulsf3
                0x00003514                __aeabi_fmul
                0x0000367c                __aeabi_fdiv
                0x0000367c                __divsf3
 .text.__errno  0x000037b4        0xc c:/program files (x86)/cypress/psoc creator/4.4/psoc creator/import/gnu/arm/5.4.1/bin/../lib/gcc/arm-none-eabi/5.4.1/../../../../arm-none-eabi/lib/armv7-m\libg_nano.a(lib_a-errno.o)
                0x000037b4                __errno
 .text.__libc_init_array
                0x000037c0       0x4c c:/program files (x86)/cypress/psoc creator/4.4/psoc creator/import/gnu/arm/5.4.1/bin/../lib/gcc/arm-none-eabi/5.4.1/../../../../arm-none-eabi/lib/armv7-m\libg_nano.a(lib_a-init.o)
                0x000037c0                __libc_init_array
 .text.memcpy   0x0000380c       0x16 c:/program files (x86)/cypress/psoc creator/4.4/psoc creator/import/gnu/arm/5.4.1/bin/../lib/gcc/arm-none-eabi/5.4.1/../../../../arm-none-eabi/lib/armv7-m\libg_nano.a(lib_a-memcpy-stub.o)
                0x0000380c                memcpy
 .text.memset   0x00003822       0x10 c:/program files (x86)/cypress/psoc creator/4.4/psoc creator/import/gnu/arm/5.4.1/bin/../lib/gcc/arm-none-eabi/5.4.1/../../../../arm-none-eabi/lib/armv7-m\libg_nano.a(lib_a-memset.o)
                0x00003822                memset
 *fill*         0x00003832        0x2 
 .text.sprintf  0x00003834       0x48 c:/program files (x86)/cypress/psoc creator/4.4/psoc creator/import/gnu/arm/5.4.1/bin/../lib/gcc/arm-none-eabi/5.4.1/../../../../arm-none-eabi/lib/armv7-m\libg_nano.a(lib_a-sprintf.o)
                0x00003834                siprintf
                0x00003834                sprintf
 .text          0x0000387c       0x10 c:/program files (x86)/cypress/psoc creator/4.4/psoc creator/import/gnu/arm/5.4.1/bin/../lib/gcc/arm-none-eabi/5.4.1/../../../../arm-none-eabi/lib/armv7-m\libg_nano.a(lib_a-strlen.o)
                0x0000387c                strlen
 .text.__ssputs_r
                0x0000388c       0xb2 c:/program files (x86)/cypress/psoc creator/4.4/psoc creator/import/gnu/arm/5.4.1/bin/../lib/gcc/arm-none-eabi/5.4.1/../../../../arm-none-eabi/lib/armv7-m\libg_nano.a(lib_a-nano-svfprintf.o)
                0x0000388c                __ssputs_r
 *fill*         0x0000393e        0x2 
 .text._svfprintf_r
                0x00003940      0x1e8 c:/program files (x86)/cypress/psoc creator/4.4/psoc creator/import/gnu/arm/5.4.1/bin/../lib/gcc/arm-none-eabi/5.4.1/../../../../arm-none-eabi/lib/armv7-m\libg_nano.a(lib_a-nano-svfprintf.o)
                0x00003940                _svfiprintf_r
                0x00003940                _svfprintf_r
 .text._printf_common
                0x00003b28       0xec c:/program files (x86)/cypress/psoc creator/4.4/psoc creator/import/gnu/arm/5.4.1/bin/../lib/gcc/arm-none-eabi/5.4.1/../../../../arm-none-eabi/lib/armv7-m\libg_nano.a(lib_a-nano-vfprintf_i.o)
                0x00003b28                _printf_common
 .text._printf_i
                0x00003c14      0x24c c:/program files (x86)/cypress/psoc creator/4.4/psoc creator/import/gnu/arm/5.4.1/bin/../lib/gcc/arm-none-eabi/5.4.1/../../../../arm-none-eabi/lib/armv7-m\libg_nano.a(lib_a-nano-vfprintf_i.o)
                0x00003c14                _printf_i
 .text.memchr   0x00003e60       0x1c c:/program files (x86)/cypress/psoc creator/4.4/psoc creator/import/gnu/arm/5.4.1/bin/../lib/gcc/arm-none-eabi/5.4.1/../../../../arm-none-eabi/lib/armv7-m\libg_nano.a(lib_a-memchr-stub.o)
                0x00003e60                memchr
 .text.memmove  0x00003e7c       0x36 c:/program files (x86)/cypress/psoc creator/4.4/psoc creator/import/gnu/arm/5.4.1/bin/../lib/gcc/arm-none-eabi/5.4.1/../../../../arm-none-eabi/lib/armv7-m\libg_nano.a(lib_a-memmove.o)
                0x00003e7c                memmove
 *fill*         0x00003eb2        0x2 
 .text._free_r  0x00003eb4       0x98 c:/program files (x86)/cypress/psoc creator/4.4/psoc creator/import/gnu/arm/5.4.1/bin/../lib/gcc/arm-none-eabi/5.4.1/../../../../arm-none-eabi/lib/armv7-m\libg_nano.a(lib_a-nano-freer.o)
                0x00003eb4                _free_r
 .text._malloc_r
                0x00003f4c       0xbc c:/program files (x86)/cypress/psoc creator/4.4/psoc creator/import/gnu/arm/5.4.1/bin/../lib/gcc/arm-none-eabi/5.4.1/../../../../arm-none-eabi/lib/armv7-m\libg_nano.a(lib_a-nano-mallocr.o)
                0x00003f4c                _malloc_r
 .text._realloc_r
                0x00004008       0x4c c:/program files (x86)/cypress/psoc creator/4.4/psoc creator/import/gnu/arm/5.4.1/bin/../lib/gcc/arm-none-eabi/5.4.1/../../../../arm-none-eabi/lib/armv7-m\libg_nano.a(lib_a-nano-reallocr.o)
                0x00004008                _realloc_r
 .text._sbrk_r  0x00004054       0x20 c:/program files (x86)/cypress/psoc creator/4.4/psoc creator/import/gnu/arm/5.4.1/bin/../lib/gcc/arm-none-eabi/5.4.1/../../../../arm-none-eabi/lib/armv7-m\libg_nano.a(lib_a-sbrkr.o)
                0x00004054                _sbrk_r
 .text.__malloc_lock
                0x00004074        0x2 c:/program files (x86)/cypress/psoc creator/4.4/psoc creator/import/gnu/arm/5.4.1/bin/../lib/gcc/arm-none-eabi/5.4.1/../../../../arm-none-eabi/lib/armv7-m\libg_nano.a(lib_a-mlock.o)
                0x00004074                __malloc_lock
 .text.__malloc_unlock
                0x00004076        0x2 c:/program files (x86)/cypress/psoc creator/4.4/psoc creator/import/gnu/arm/5.4.1/bin/../lib/gcc/arm-none-eabi/5.4.1/../../../../arm-none-eabi/lib/armv7-m\libg_nano.a(lib_a-mlock.o)
                0x00004076                __malloc_unlock
 .text._malloc_usable_size_r
                0x00004078       0x14 c:/program files (x86)/cypress/psoc creator/4.4/psoc creator/import/gnu/arm/5.4.1/bin/../lib/gcc/arm-none-eabi/5.4.1/../../../../arm-none-eabi/lib/armv7-m\libg_nano.a(lib_a-nano-msizer.o)
                0x00004078                _malloc_usable_size_r
 *(.plt)
 *(.gnu.warning)
 *(.glue_7t)
 .glue_7t       0x0000408c        0x0 linker stubs
 *(.glue_7)
 .glue_7        0x0000408c        0x0 linker stubs
 *(.vfp11_veneer)
 .vfp11_veneer  0x0000408c        0x0 linker stubs
 *(.bootloader)
 *(.ARM.extab* .gnu.linkonce.armextab.*)
 *(.gcc_except_table)

.v4_bx          0x0000408c        0x0
 .v4_bx         0x0000408c        0x0 linker stubs

.iplt           0x0000408c        0x0
 .iplt          0x0000408c        0x0 c:/program files (x86)/cypress/psoc creator/4.4/psoc creator/import/gnu/arm/5.4.1/bin/../lib/gcc/arm-none-eabi/5.4.1/armv7-m/crtbegin.o

.eh_frame_hdr
 *(.eh_frame_hdr)

.eh_frame       0x0000408c        0x4
 *(.eh_frame)
 .eh_frame      0x0000408c        0x0 c:/program files (x86)/cypress/psoc creator/4.4/psoc creator/import/gnu/arm/5.4.1/bin/../lib/gcc/arm-none-eabi/5.4.1/armv7-m/crtbegin.o
 .eh_frame      0x0000408c        0x4 c:/program files (x86)/cypress/psoc creator/4.4/psoc creator/import/gnu/arm/5.4.1/bin/../lib/gcc/arm-none-eabi/5.4.1/armv7-m/crtend.o
                [!provide]                PROVIDE (__exidx_start, .)

.ARM.exidx
 *(.ARM.exidx* .gnu.linkonce.armexidx.*)
                0x00004090                __exidx_end = .

.rodata         0x00004090      0x620
 *(.rodata .rodata.* .gnu.linkonce.r.*)
 .rodata.str1.4
                0x00004090       0x1e .\CortexM3\ARM_GCC_541\Debug\main.o
 *fill*         0x000040ae        0x2 
 .rodata.str1.4
                0x000040b0       0x24 .\CortexM3\ARM_GCC_541\Debug\InterruptRoutines.o
                                 0x21 (size before relaxing)
 .rodata        0x000040d4      0x51f .\CortexM3\ARM_GCC_541\Debug\ssd1306.o
 *fill*         0x000045f3        0x1 
 .rodata        0x000045f4       0x50 .\CortexM3\ARM_GCC_541\Debug\cyfitter_cfg.o
                0x000045f4                ADC_DelSig_AMux__addrTable
                0x000045fc                ADC_DelSig_AMux__maskTable
 .rodata.str1.1
                0x00004644        0x2 c:/program files (x86)/cypress/psoc creator/4.4/psoc creator/import/gnu/arm/5.4.1/bin/../lib/gcc/arm-none-eabi/5.4.1/../../../../arm-none-eabi/lib/armv7-m\libg_nano.a(lib_a-impure.o)
 .rodata.str1.1
                0x00004646       0x11 c:/program files (x86)/cypress/psoc creator/4.4/psoc creator/import/gnu/arm/5.4.1/bin/../lib/gcc/arm-none-eabi/5.4.1/../../../../arm-none-eabi/lib/armv7-m\libg_nano.a(lib_a-nano-svfprintf.o)
 .rodata.str1.1
                0x00004657       0x22 c:/program files (x86)/cypress/psoc creator/4.4/psoc creator/import/gnu/arm/5.4.1/bin/../lib/gcc/arm-none-eabi/5.4.1/../../../../arm-none-eabi/lib/armv7-m\libg_nano.a(lib_a-nano-vfprintf_i.o)
                0x0000467c                . = ALIGN (0x4)
 *fill*         0x00004679        0x3 
 *(.init)
 .init          0x0000467c        0x4 c:/program files (x86)/cypress/psoc creator/4.4/psoc creator/import/gnu/arm/5.4.1/bin/../lib/gcc/arm-none-eabi/5.4.1/armv7-m/crti.o
                0x0000467c                _init
 .init          0x00004680        0x8 c:/program files (x86)/cypress/psoc creator/4.4/psoc creator/import/gnu/arm/5.4.1/bin/../lib/gcc/arm-none-eabi/5.4.1/armv7-m/crtn.o
                0x00004688                . = ALIGN (0x4)
                0x00004688                __preinit_array_start = .
 *(.preinit_array)
                0x00004688                __preinit_array_end = .
                0x00004688                . = ALIGN (0x4)
                0x00004688                __init_array_start = .
 *(SORT(.init_array.*))
 *(.init_array)
 .init_array    0x00004688        0x4 c:/program files (x86)/cypress/psoc creator/4.4/psoc creator/import/gnu/arm/5.4.1/bin/../lib/gcc/arm-none-eabi/5.4.1/armv7-m/crtbegin.o
 .init_array    0x0000468c        0x4 .\CortexM3\ARM_GCC_541\Debug\Cm3Start.o
                0x00004690                __init_array_end = .
                0x00004690                . = ALIGN (0x4)
 *(.fini)
 .fini          0x00004690        0x4 c:/program files (x86)/cypress/psoc creator/4.4/psoc creator/import/gnu/arm/5.4.1/bin/../lib/gcc/arm-none-eabi/5.4.1/armv7-m/crti.o
                0x00004690                _fini
 .fini          0x00004694        0x8 c:/program files (x86)/cypress/psoc creator/4.4/psoc creator/import/gnu/arm/5.4.1/bin/../lib/gcc/arm-none-eabi/5.4.1/armv7-m/crtn.o
                0x0000469c                . = ALIGN (0x4)
                0x0000469c                __fini_array_start = .
 *(.fini_array)
 .fini_array    0x0000469c        0x4 c:/program files (x86)/cypress/psoc creator/4.4/psoc creator/import/gnu/arm/5.4.1/bin/../lib/gcc/arm-none-eabi/5.4.1/armv7-m/crtbegin.o
 *(SORT(.fini_array.*))
                0x000046a0                __fini_array_end = .
                0x000046a0                . = ALIGN (0x4)
 *crtbegin.o(.ctors)
 *(EXCLUDE_FILE(*crtend.o) .ctors)
 *(SORT(.ctors.*))
 *crtend.o(.ctors)
                0x000046a0                . = ALIGN (0x4)
 *crtbegin.o(.dtors)
 *(EXCLUDE_FILE(*crtend.o) .dtors)
 *(SORT(.dtors.*))
 *crtend.o(.dtors)
                0x000046a0                . = ALIGN (0x4)
                0x000046a0                __cy_regions = .
                0x000046a0        0x4 LONG 0x46b0 __cy_region_init_ram
                0x000046a4        0x4 LONG 0x1fff80c8 __cy_region_start_data
                0x000046a8        0x4 LONG 0x498 __cy_region_init_size_ram
                0x000046ac        0x4 LONG 0x2a0 __cy_region_zero_size_ram
                0x000046b0                __cy_regions_end = .
                0x000046b0                . = ALIGN (0x8)
                0x000046b0                _etext = .

.cy_checksum_exclude
                0x000046b0        0x0
 *(.cy_checksum_exclude)

.ramvectors     0x1fff8000       0xc0
                0x1fff8000                __cy_region_start_ram = .
 *(.ramvectors)
 .ramvectors    0x1fff8000       0xc0 .\CortexM3\ARM_GCC_541\Debug\Cm3Start.o
                0x1fff8000                CyRamVectors

.noinit         0x1fff80c0        0x1
 *(.noinit)
 .noinit        0x1fff80c0        0x1 .\CortexM3\ARM_GCC_541\Debug\Stream mode.a(CyLib.o)
                0x1fff80c0                CyResetStatus

.data           0x1fff80c8      0x498 load address 0x000046b0
                0x1fff80c8                __cy_region_start_data = .
 *(.jcr)
 .jcr           0x1fff80c8        0x0 c:/program files (x86)/cypress/psoc creator/4.4/psoc creator/import/gnu/arm/5.4.1/bin/../lib/gcc/arm-none-eabi/5.4.1/armv7-m/crtbegin.o
 .jcr           0x1fff80c8        0x4 c:/program files (x86)/cypress/psoc creator/4.4/psoc creator/import/gnu/arm/5.4.1/bin/../lib/gcc/arm-none-eabi/5.4.1/armv7-m/crtend.o
 *(.got.plt)
 *(.got)
 *(.shdata)
 *(.data .data.* .gnu.linkonce.d.*)
 .data          0x1fff80cc       0x10 .\CortexM3\ARM_GCC_541\Debug\main.o
                0x1fff80cc                stringList_1
                0x1fff80d4                stringList_2
 .data          0x1fff80dc        0x4 .\CortexM3\ARM_GCC_541\Debug\InterruptRoutines.o
                0x1fff80dc                battery_perc
 .data          0x1fff80e0      0x401 .\CortexM3\ARM_GCC_541\Debug\ssd1306.o
 *fill*         0x1fff84e1        0x3 
 .data          0x1fff84e4        0x4 .\CortexM3\ARM_GCC_541\Debug\Cm3Start.o
 .data          0x1fff84e8       0x10 .\CortexM3\ARM_GCC_541\Debug\Stream mode.a(CyLib.o)
                0x1fff84e8                cydelay_32k_ms
                0x1fff84ec                cydelay_freq_khz
                0x1fff84f0                cydelay_freq_mhz
                0x1fff84f4                cydelay_freq_hz
 .data          0x1fff84f8        0x1 .\CortexM3\ARM_GCC_541\Debug\Stream mode.a(ADC_DelSig.o)
                0x1fff84f8                ADC_DelSig_Config
 .data          0x1fff84f9        0x1 .\CortexM3\ARM_GCC_541\Debug\Stream mode.a(ADC_DelSig_AMux.o)
 *fill*         0x1fff84fa        0x2 
 .data.impure_data
                0x1fff84fc       0x60 c:/program files (x86)/cypress/psoc creator/4.4/psoc creator/import/gnu/arm/5.4.1/bin/../lib/gcc/arm-none-eabi/5.4.1/../../../../arm-none-eabi/lib/armv7-m\libg_nano.a(lib_a-impure.o)
 .data._impure_ptr
                0x1fff855c        0x4 c:/program files (x86)/cypress/psoc creator/4.4/psoc creator/import/gnu/arm/5.4.1/bin/../lib/gcc/arm-none-eabi/5.4.1/../../../../arm-none-eabi/lib/armv7-m\libg_nano.a(lib_a-impure.o)
                0x1fff855c                _impure_ptr
                0x1fff8560                . = ALIGN (0x8)
 *(.ram)
                0x1fff8560                _edata = .

.igot.plt       0x1fff8560        0x0 load address 0x00004b48
 .igot.plt      0x1fff8560        0x0 c:/program files (x86)/cypress/psoc creator/4.4/psoc creator/import/gnu/arm/5.4.1/bin/../lib/gcc/arm-none-eabi/5.4.1/armv7-m/crtbegin.o

.bss            0x1fff8560      0x2a0 load address 0x00004b48
                0x1fff8560                PROVIDE (__bss_start__, .)
 *(.shbss)
 *(.bss .bss.* .gnu.linkonce.b.*)
 .bss           0x1fff8560       0x1c c:/program files (x86)/cypress/psoc creator/4.4/psoc creator/import/gnu/arm/5.4.1/bin/../lib/gcc/arm-none-eabi/5.4.1/armv7-m/crtbegin.o
 .bss           0x1fff857c       0x64 .\CortexM3\ARM_GCC_541\Debug\main.o
                0x1fff857c                message
 .bss           0x1fff85e0        0x9 .\CortexM3\ARM_GCC_541\Debug\InterruptRoutines.o
                0x1fff85e0                battery_volt
                0x1fff85e4                HR_received
                0x1fff85e8                Number_mode
 *fill*         0x1fff85e9        0x1 
 .bss           0x1fff85ea       0x10 .\CortexM3\ARM_GCC_541\Debug\ssd1306.o
 .bss           0x1fff85fa        0x2 .\CortexM3\ARM_GCC_541\Debug\Stream mode.a(UART_1.o)
                0x1fff85fa                UART_1_initVar
 .bss           0x1fff85fc        0x1 .\CortexM3\ARM_GCC_541\Debug\Stream mode.a(I2C_Master.o)
                0x1fff85fc                I2C_Master_initVar
 *fill*         0x1fff85fd        0x3 
 .bss           0x1fff8600        0xc .\CortexM3\ARM_GCC_541\Debug\Stream mode.a(ADC_DelSig.o)
                0x1fff8604                ADC_DelSig_stopConversion
                0x1fff8605                ADC_DelSig_convDone
                0x1fff8606                ADC_DelSig_initVar
                0x1fff8607                ADC_DelSig_started
                0x1fff8608                ADC_DelSig_Offset
 .bss           0x1fff860c        0x1 .\CortexM3\ARM_GCC_541\Debug\Stream mode.a(Timer_1H.o)
                0x1fff860c                Timer_1H_initVar
 .bss           0x1fff860d        0x1 .\CortexM3\ARM_GCC_541\Debug\Stream mode.a(Timer_3.o)
                0x1fff860d                Timer_3_initVar
 .bss           0x1fff860e        0x1 .\CortexM3\ARM_GCC_541\Debug\Stream mode.a(PWM_BUZ.o)
                0x1fff860e                PWM_BUZ_initVar
 .bss           0x1fff860f        0x1 .\CortexM3\ARM_GCC_541\Debug\Stream mode.a(Timer_30.o)
                0x1fff860f                Timer_30_initVar
 .bss           0x1fff8610        0x1 .\CortexM3\ARM_GCC_541\Debug\Stream mode.a(PWM_LED.o)
                0x1fff8610                PWM_LED_initVar
 *fill*         0x1fff8611        0x3 
 .bss           0x1fff8614        0x8 .\CortexM3\ARM_GCC_541\Debug\Stream mode.a(CySpc.o)
                0x1fff8614                SpcLockState
 .bss.__malloc_sbrk_start
                0x1fff861c        0x4 c:/program files (x86)/cypress/psoc creator/4.4/psoc creator/import/gnu/arm/5.4.1/bin/../lib/gcc/arm-none-eabi/5.4.1/../../../../arm-none-eabi/lib/armv7-m\libg_nano.a(lib_a-nano-mallocr.o)
                0x1fff861c                __malloc_sbrk_start
 .bss.__malloc_free_list
                0x1fff8620        0x4 c:/program files (x86)/cypress/psoc creator/4.4/psoc creator/import/gnu/arm/5.4.1/bin/../lib/gcc/arm-none-eabi/5.4.1/../../../../arm-none-eabi/lib/armv7-m\libg_nano.a(lib_a-nano-mallocr.o)
                0x1fff8620                __malloc_free_list
 *(COMMON)
 COMMON         0x1fff8624       0x18 .\CortexM3\ARM_GCC_541\Debug\main.o
                0x1fff8624                CtrlReg1Config
                0x1fff8625                CtrlReg4Config
                0x1fff8626                power_mode
                0x1fff8628                Bit_ResolutionBuffer
                0x1fff862c                G_ResolutionBuffer
                0x1fff862f                g_resolution
                0x1fff8630                bit_resolution
                0x1fff8634                LowPowerBuffer
                0x1fff8637                error
                0x1fff8638                ALARM_ENABLED
 COMMON         0x1fff863c      0x1a0 .\CortexM3\ARM_GCC_541\Debug\InterruptRoutines.o
                0x1fff863c                string_bat
                0x1fff8648                DataStream_1
                0x1fff870a                start_stream
                0x1fff870b                FifoRegConfig
                0x1fff870c                string_HR
                0x1fff8718                DataStream_2
                0x1fff87da                ch_received
                0x1fff87db                received_char
 COMMON         0x1fff87dc        0x7 .\CortexM3\ARM_GCC_541\Debug\ssd1306.o
                0x1fff87dc                WIDTH
                0x1fff87de                rotation
                0x1fff87e0                HEIGHT
                0x1fff87e2                wrap
 COMMON         0x1fff87e3        0x1 .\CortexM3\ARM_GCC_541\Debug\Stream mode.a(I2C_Master.o)
                0x1fff87e3                I2C_Master_state
 COMMON         0x1fff87e4        0xf .\CortexM3\ARM_GCC_541\Debug\Stream mode.a(I2C_Master_MASTER.o)
                0x1fff87e4                I2C_Master_mstrRdBufIndex
                0x1fff87e5                I2C_Master_mstrWrBufIndex
                0x1fff87e6                I2C_Master_mstrWrBufSize
                0x1fff87e8                I2C_Master_mstrWrBufPtr
                0x1fff87ec                I2C_Master_mstrRdBufPtr
                0x1fff87f0                I2C_Master_mstrControl
                0x1fff87f1                I2C_Master_mstrStatus
                0x1fff87f2                I2C_Master_mstrRdBufSize
 *fill*         0x1fff87f3        0x1 
 COMMON         0x1fff87f4        0x4 .\CortexM3\ARM_GCC_541\Debug\Stream mode.a(ADC_DelSig.o)
                0x1fff87f4                ADC_DelSig_CountsPerVolt
 COMMON         0x1fff87f8        0x2 .\CortexM3\ARM_GCC_541\Debug\Stream mode.a(CyFlash.o)
                0x1fff87f8                dieTemperature
 *fill*         0x1fff87fa        0x2 
 COMMON         0x1fff87fc        0x4 c:/program files (x86)/cypress/psoc creator/4.4/psoc creator/import/gnu/arm/5.4.1/bin/../lib/gcc/arm-none-eabi/5.4.1/../../../../arm-none-eabi/lib/armv7-m\libg_nano.a(lib_a-reent.o)
                0x1fff87fc                errno
                0x1fff8800                . = ALIGN (0x8)
 *(.ram.b)
                0x1fff8800                _end = .
                0x1fff8800                __end = .
                0x1fff8800                PROVIDE (end, .)
                0x1fff8800                PROVIDE (__bss_end__, .)
                0x000046b0                __cy_region_init_ram = LOADADDR (.data)
                0x00000498                __cy_region_init_size_ram = (_edata - ADDR (.data))
                0x000002a0                __cy_region_zero_size_ram = (_end - _edata)

.heap           0x1fff8800       0x80 load address 0x00004b48
                0x1fff8800                . = _end
                0x1fff8880                . = (. + 0x80)
 *fill*         0x1fff8800       0x80 
                0x1fff8880                __cy_heap_limit = .

.stack          0x20007800      0x800
                0x20007800                __cy_stack_limit = .
                0x20008000                . = (. + 0x800)
 *fill*         0x20007800      0x800 
                0x00000001                ASSERT ((__cy_stack_limit >= __cy_heap_limit), region RAM overflowed with stack)
                0x00000000                cy_checksum_exclude_size = (CY_APPL_LOADABLE == 0x1)?SIZEOF (.cy_checksum_exclude):0x0
                0x00000001                ASSERT ((cy_checksum_exclude_size <= CY_CHECKSUM_EXCLUDE_SIZE), CY_BOOT: Section .cy_checksum_exclude size exceedes specified limit.)

.cyloadermeta
 *(.cyloadermeta)

.cyloadablemeta
 *(.cyloadablemeta)

.cyconfigecc    0x80000000      0x6f0
 *(.cyconfigecc)
 .cyconfigecc   0x80000000      0x6f0 .\CortexM3\ARM_GCC_541\Debug\cymetadata.o
                0x80000000                cy_meta_configecc

.cycustnvl      0x90000000        0x4
 *(.cycustnvl)
 .cycustnvl     0x90000000        0x4 .\CortexM3\ARM_GCC_541\Debug\cymetadata.o
                0x90000000                cy_meta_custnvl

.cywolatch      0x90100000        0x4
 *(.cywolatch)
 .cywolatch     0x90100000        0x4 .\CortexM3\ARM_GCC_541\Debug\cymetadata.o
                0x90100000                cy_meta_wonvl

.cyeeprom       0x90200000        0x0
 *(.cyeeprom)
                0x00000001                ASSERT ((. <= ((0x90200000 + ee_offset) + ee_size)), .cyeeprom data will not fit in EEPROM)

.cyflashprotect
                0x90400000      0x100
 *(.cyflashprotect)
 .cyflashprotect
                0x90400000      0x100 .\CortexM3\ARM_GCC_541\Debug\cymetadata.o
                0x90400000                cy_meta_flashprotect

.cymeta         0x90500000        0xc
 *(.cymeta)
 .cymeta        0x90500000        0xc .\CortexM3\ARM_GCC_541\Debug\cymetadata.o
                0x90500000                cy_metadata

.rel.dyn        0x00004b48        0x0 load address 0x9050000c
 .rel.iplt      0x00004b48        0x0 c:/program files (x86)/cypress/psoc creator/4.4/psoc creator/import/gnu/arm/5.4.1/bin/../lib/gcc/arm-none-eabi/5.4.1/armv7-m/crtbegin.o

.stab
 *(.stab)

.stabstr
 *(.stabstr)

.debug
 *(.debug)

.line
 *(.line)

.debug_srcinfo
 *(.debug_srcinfo)

.debug_sfnames
 *(.debug_sfnames)

.debug_aranges  0x00000000     0x1220
 *(.debug_aranges)
 .debug_aranges
                0x00000000       0x20 .\CortexM3\ARM_GCC_541\Debug\main.o
 .debug_aranges
                0x00000020       0x48 .\CortexM3\ARM_GCC_541\Debug\I2C_Interface.o
 .debug_aranges
                0x00000068       0x48 .\CortexM3\ARM_GCC_541\Debug\InterruptRoutines.o
 .debug_aranges
                0x000000b0      0x118 .\CortexM3\ARM_GCC_541\Debug\ssd1306.o
 .debug_aranges
                0x000001c8       0x68 .\CortexM3\ARM_GCC_541\Debug\cyfitter_cfg.o
 .debug_aranges
                0x00000230       0x18 .\CortexM3\ARM_GCC_541\Debug\cymetadata.o
 .debug_aranges
                0x00000248       0x48 .\CortexM3\ARM_GCC_541\Debug\Cm3Start.o
 .debug_aranges
                0x00000290       0xf0 .\CortexM3\ARM_GCC_541\Debug\Stream mode.a(UART_1.o)
 .debug_aranges
                0x00000380       0x38 .\CortexM3\ARM_GCC_541\Debug\Stream mode.a(I2C_Master.o)
 .debug_aranges
                0x000003b8       0x20 .\CortexM3\ARM_GCC_541\Debug\Stream mode.a(I2C_Master_INT.o)
 .debug_aranges
                0x000003d8       0x38 .\CortexM3\ARM_GCC_541\Debug\Stream mode.a(I2C_Master_PM.o)
 .debug_aranges
                0x00000410       0x80 .\CortexM3\ARM_GCC_541\Debug\Stream mode.a(I2C_Master_MASTER.o)
 .debug_aranges
                0x00000490       0x70 .\CortexM3\ARM_GCC_541\Debug\Stream mode.a(UART_1_IntClock.o)
 .debug_aranges
                0x00000500      0x2a0 .\CortexM3\ARM_GCC_541\Debug\Stream mode.a(CyLib.o)
 .debug_aranges
                0x000007a0       0x98 .\CortexM3\ARM_GCC_541\Debug\Stream mode.a(cyPm.o)
 .debug_aranges
                0x00000838       0x80 .\CortexM3\ARM_GCC_541\Debug\Stream mode.a(isr_acc_1.o)
 .debug_aranges
                0x000008b8       0x80 .\CortexM3\ARM_GCC_541\Debug\Stream mode.a(isr_stream_1.o)
 .debug_aranges
                0x00000938       0x78 .\CortexM3\ARM_GCC_541\Debug\Stream mode.a(EEPROM.o)
 .debug_aranges
                0x000009b0       0x38 .\CortexM3\ARM_GCC_541\Debug\Stream mode.a(LED_R.o)
 .debug_aranges
                0x000009e8       0x38 .\CortexM3\ARM_GCC_541\Debug\Stream mode.a(LED_B.o)
 .debug_aranges
                0x00000a20       0x38 .\CortexM3\ARM_GCC_541\Debug\Stream mode.a(LED_G.o)
 .debug_aranges
                0x00000a58       0xe8 .\CortexM3\ARM_GCC_541\Debug\Stream mode.a(ADC_DelSig.o)
 .debug_aranges
                0x00000b40       0x38 .\CortexM3\ARM_GCC_541\Debug\Stream mode.a(ADC_DelSig_INT.o)
 .debug_aranges
                0x00000b78       0x90 .\CortexM3\ARM_GCC_541\Debug\Stream mode.a(Timer_1H.o)
 .debug_aranges
                0x00000c08       0x80 .\CortexM3\ARM_GCC_541\Debug\Stream mode.a(isr_Counter_3.o)
 .debug_aranges
                0x00000c88       0x30 .\CortexM3\ARM_GCC_541\Debug\Stream mode.a(ADC_DelSig_AMux.o)
 .debug_aranges
                0x00000cb8       0x70 .\CortexM3\ARM_GCC_541\Debug\Stream mode.a(ADC_DelSig_Ext_CP_Clk.o)
 .debug_aranges
                0x00000d28       0x80 .\CortexM3\ARM_GCC_541\Debug\Stream mode.a(ADC_DelSig_theACLK.o)
 .debug_aranges
                0x00000da8       0x80 .\CortexM3\ARM_GCC_541\Debug\Stream mode.a(isr_Counter_1H.o)
 .debug_aranges
                0x00000e28       0x90 .\CortexM3\ARM_GCC_541\Debug\Stream mode.a(Timer_3.o)
 .debug_aranges
                0x00000eb8       0x98 .\CortexM3\ARM_GCC_541\Debug\Stream mode.a(PWM_BUZ.o)
 .debug_aranges
                0x00000f50       0x80 .\CortexM3\ARM_GCC_541\Debug\Stream mode.a(isr_Counter_30.o)
 .debug_aranges
                0x00000fd0       0x90 .\CortexM3\ARM_GCC_541\Debug\Stream mode.a(Timer_30.o)
 .debug_aranges
                0x00001060       0x98 .\CortexM3\ARM_GCC_541\Debug\Stream mode.a(PWM_LED.o)
 .debug_aranges
                0x000010f8       0x20 .\CortexM3\ARM_GCC_541\Debug\Stream mode.a(CyBootAsmGnu.o)
 .debug_aranges
                0x00001118       0x88 .\CortexM3\ARM_GCC_541\Debug\Stream mode.a(CyFlash.o)
 .debug_aranges
                0x000011a0       0x80 .\CortexM3\ARM_GCC_541\Debug\Stream mode.a(CySpc.o)

.debug_pubnames
 *(.debug_pubnames)

.debug_info     0x00000000     0xa788
 *(.debug_info .gnu.linkonce.wi.*)
 .debug_info    0x00000000      0x5be .\CortexM3\ARM_GCC_541\Debug\main.o
 .debug_info    0x000005be      0x3f9 .\CortexM3\ARM_GCC_541\Debug\I2C_Interface.o
 .debug_info    0x000009b7      0xa33 .\CortexM3\ARM_GCC_541\Debug\InterruptRoutines.o
 .debug_info    0x000013ea     0x132d .\CortexM3\ARM_GCC_541\Debug\ssd1306.o
 .debug_info    0x00002717      0x6a0 .\CortexM3\ARM_GCC_541\Debug\cyfitter_cfg.o
 .debug_info    0x00002db7      0x139 .\CortexM3\ARM_GCC_541\Debug\cymetadata.o
 .debug_info    0x00002ef0      0x3bb .\CortexM3\ARM_GCC_541\Debug\Cm3Start.o
 .debug_info    0x000032ab      0x60c .\CortexM3\ARM_GCC_541\Debug\Stream mode.a(UART_1.o)
 .debug_info    0x000038b7      0x2ac .\CortexM3\ARM_GCC_541\Debug\Stream mode.a(I2C_Master.o)
 .debug_info    0x00003b63      0x184 .\CortexM3\ARM_GCC_541\Debug\Stream mode.a(I2C_Master_INT.o)
 .debug_info    0x00003ce7      0x207 .\CortexM3\ARM_GCC_541\Debug\Stream mode.a(I2C_Master_PM.o)
 .debug_info    0x00003eee      0x407 .\CortexM3\ARM_GCC_541\Debug\Stream mode.a(I2C_Master_MASTER.o)
 .debug_info    0x000042f5      0x283 .\CortexM3\ARM_GCC_541\Debug\Stream mode.a(UART_1_IntClock.o)
 .debug_info    0x00004578     0x1374 .\CortexM3\ARM_GCC_541\Debug\Stream mode.a(CyLib.o)
 .debug_info    0x000058ec      0xa2a .\CortexM3\ARM_GCC_541\Debug\Stream mode.a(cyPm.o)
 .debug_info    0x00006316      0x2d2 .\CortexM3\ARM_GCC_541\Debug\Stream mode.a(isr_acc_1.o)
 .debug_info    0x000065e8      0x2d2 .\CortexM3\ARM_GCC_541\Debug\Stream mode.a(isr_stream_1.o)
 .debug_info    0x000068ba      0x630 .\CortexM3\ARM_GCC_541\Debug\Stream mode.a(EEPROM.o)
 .debug_info    0x00006eea      0x11f .\CortexM3\ARM_GCC_541\Debug\Stream mode.a(LED_R.o)
 .debug_info    0x00007009      0x11f .\CortexM3\ARM_GCC_541\Debug\Stream mode.a(LED_B.o)
 .debug_info    0x00007128      0x11f .\CortexM3\ARM_GCC_541\Debug\Stream mode.a(LED_G.o)
 .debug_info    0x00007247      0xa19 .\CortexM3\ARM_GCC_541\Debug\Stream mode.a(ADC_DelSig.o)
 .debug_info    0x00007c60       0xd3 .\CortexM3\ARM_GCC_541\Debug\Stream mode.a(ADC_DelSig_INT.o)
 .debug_info    0x00007d33      0x2f0 .\CortexM3\ARM_GCC_541\Debug\Stream mode.a(Timer_1H.o)
 .debug_info    0x00008023      0x2d2 .\CortexM3\ARM_GCC_541\Debug\Stream mode.a(isr_Counter_3.o)
 .debug_info    0x000082f5      0x165 .\CortexM3\ARM_GCC_541\Debug\Stream mode.a(ADC_DelSig_AMux.o)
 .debug_info    0x0000845a      0x283 .\CortexM3\ARM_GCC_541\Debug\Stream mode.a(ADC_DelSig_Ext_CP_Clk.o)
 .debug_info    0x000086dd      0x2c4 .\CortexM3\ARM_GCC_541\Debug\Stream mode.a(ADC_DelSig_theACLK.o)
 .debug_info    0x000089a1      0x2d2 .\CortexM3\ARM_GCC_541\Debug\Stream mode.a(isr_Counter_1H.o)
 .debug_info    0x00008c73      0x2cf .\CortexM3\ARM_GCC_541\Debug\Stream mode.a(Timer_3.o)
 .debug_info    0x00008f42      0x334 .\CortexM3\ARM_GCC_541\Debug\Stream mode.a(PWM_BUZ.o)
 .debug_info    0x00009276      0x2d2 .\CortexM3\ARM_GCC_541\Debug\Stream mode.a(isr_Counter_30.o)
 .debug_info    0x00009548      0x2cf .\CortexM3\ARM_GCC_541\Debug\Stream mode.a(Timer_30.o)
 .debug_info    0x00009817      0x334 .\CortexM3\ARM_GCC_541\Debug\Stream mode.a(PWM_LED.o)
 .debug_info    0x00009b4b       0xa0 .\CortexM3\ARM_GCC_541\Debug\Stream mode.a(CyBootAsmGnu.o)
 .debug_info    0x00009beb      0x64d .\CortexM3\ARM_GCC_541\Debug\Stream mode.a(CyFlash.o)
 .debug_info    0x0000a238      0x550 .\CortexM3\ARM_GCC_541\Debug\Stream mode.a(CySpc.o)

.debug_abbrev   0x00000000     0x2d99
 *(.debug_abbrev)
 .debug_abbrev  0x00000000      0x103 .\CortexM3\ARM_GCC_541\Debug\main.o
 .debug_abbrev  0x00000103       0xea .\CortexM3\ARM_GCC_541\Debug\I2C_Interface.o
 .debug_abbrev  0x000001ed      0x13d .\CortexM3\ARM_GCC_541\Debug\InterruptRoutines.o
 .debug_abbrev  0x0000032a      0x291 .\CortexM3\ARM_GCC_541\Debug\ssd1306.o
 .debug_abbrev  0x000005bb      0x22d .\CortexM3\ARM_GCC_541\Debug\cyfitter_cfg.o
 .debug_abbrev  0x000007e8       0x77 .\CortexM3\ARM_GCC_541\Debug\cymetadata.o
 .debug_abbrev  0x0000085f      0x1e8 .\CortexM3\ARM_GCC_541\Debug\Cm3Start.o
 .debug_abbrev  0x00000a47      0x175 .\CortexM3\ARM_GCC_541\Debug\Stream mode.a(UART_1.o)
 .debug_abbrev  0x00000bbc      0x10a .\CortexM3\ARM_GCC_541\Debug\Stream mode.a(I2C_Master.o)
 .debug_abbrev  0x00000cc6       0xb6 .\CortexM3\ARM_GCC_541\Debug\Stream mode.a(I2C_Master_INT.o)
 .debug_abbrev  0x00000d7c       0xfe .\CortexM3\ARM_GCC_541\Debug\Stream mode.a(I2C_Master_PM.o)
 .debug_abbrev  0x00000e7a      0x13c .\CortexM3\ARM_GCC_541\Debug\Stream mode.a(I2C_Master_MASTER.o)
 .debug_abbrev  0x00000fb6      0x139 .\CortexM3\ARM_GCC_541\Debug\Stream mode.a(UART_1_IntClock.o)
 .debug_abbrev  0x000010ef      0x254 .\CortexM3\ARM_GCC_541\Debug\Stream mode.a(CyLib.o)
 .debug_abbrev  0x00001343      0x1ab .\CortexM3\ARM_GCC_541\Debug\Stream mode.a(cyPm.o)
 .debug_abbrev  0x000014ee      0x173 .\CortexM3\ARM_GCC_541\Debug\Stream mode.a(isr_acc_1.o)
 .debug_abbrev  0x00001661      0x173 .\CortexM3\ARM_GCC_541\Debug\Stream mode.a(isr_stream_1.o)
 .debug_abbrev  0x000017d4      0x14e .\CortexM3\ARM_GCC_541\Debug\Stream mode.a(EEPROM.o)
 .debug_abbrev  0x00001922       0x90 .\CortexM3\ARM_GCC_541\Debug\Stream mode.a(LED_R.o)
 .debug_abbrev  0x000019b2       0x90 .\CortexM3\ARM_GCC_541\Debug\Stream mode.a(LED_B.o)
 .debug_abbrev  0x00001a42       0x90 .\CortexM3\ARM_GCC_541\Debug\Stream mode.a(LED_G.o)
 .debug_abbrev  0x00001ad2      0x1eb .\CortexM3\ARM_GCC_541\Debug\Stream mode.a(ADC_DelSig.o)
 .debug_abbrev  0x00001cbd       0x42 .\CortexM3\ARM_GCC_541\Debug\Stream mode.a(ADC_DelSig_INT.o)
 .debug_abbrev  0x00001cff      0x12b .\CortexM3\ARM_GCC_541\Debug\Stream mode.a(Timer_1H.o)
 .debug_abbrev  0x00001e2a      0x173 .\CortexM3\ARM_GCC_541\Debug\Stream mode.a(isr_Counter_3.o)
 .debug_abbrev  0x00001f9d       0xb1 .\CortexM3\ARM_GCC_541\Debug\Stream mode.a(ADC_DelSig_AMux.o)
 .debug_abbrev  0x0000204e      0x139 .\CortexM3\ARM_GCC_541\Debug\Stream mode.a(ADC_DelSig_Ext_CP_Clk.o)
 .debug_abbrev  0x00002187      0x121 .\CortexM3\ARM_GCC_541\Debug\Stream mode.a(ADC_DelSig_theACLK.o)
 .debug_abbrev  0x000022a8      0x173 .\CortexM3\ARM_GCC_541\Debug\Stream mode.a(isr_Counter_1H.o)
 .debug_abbrev  0x0000241b      0x12b .\CortexM3\ARM_GCC_541\Debug\Stream mode.a(Timer_3.o)
 .debug_abbrev  0x00002546      0x133 .\CortexM3\ARM_GCC_541\Debug\Stream mode.a(PWM_BUZ.o)
 .debug_abbrev  0x00002679      0x173 .\CortexM3\ARM_GCC_541\Debug\Stream mode.a(isr_Counter_30.o)
 .debug_abbrev  0x000027ec      0x12b .\CortexM3\ARM_GCC_541\Debug\Stream mode.a(Timer_30.o)
 .debug_abbrev  0x00002917      0x133 .\CortexM3\ARM_GCC_541\Debug\Stream mode.a(PWM_LED.o)
 .debug_abbrev  0x00002a4a       0x14 .\CortexM3\ARM_GCC_541\Debug\Stream mode.a(CyBootAsmGnu.o)
 .debug_abbrev  0x00002a5e      0x1a7 .\CortexM3\ARM_GCC_541\Debug\Stream mode.a(CyFlash.o)
 .debug_abbrev  0x00002c05      0x194 .\CortexM3\ARM_GCC_541\Debug\Stream mode.a(CySpc.o)

.debug_line     0x00000000     0x46f4
 *(.debug_line)
 .debug_line    0x00000000      0x2dc .\CortexM3\ARM_GCC_541\Debug\main.o
 .debug_line    0x000002dc      0x1e8 .\CortexM3\ARM_GCC_541\Debug\I2C_Interface.o
 .debug_line    0x000004c4      0x38d .\CortexM3\ARM_GCC_541\Debug\InterruptRoutines.o
 .debug_line    0x00000851      0x610 .\CortexM3\ARM_GCC_541\Debug\ssd1306.o
 .debug_line    0x00000e61      0x22b .\CortexM3\ARM_GCC_541\Debug\cyfitter_cfg.o
 .debug_line    0x0000108c      0x141 .\CortexM3\ARM_GCC_541\Debug\cymetadata.o
 .debug_line    0x000011cd      0x234 .\CortexM3\ARM_GCC_541\Debug\Cm3Start.o
 .debug_line    0x00001401      0x2c0 .\CortexM3\ARM_GCC_541\Debug\Stream mode.a(UART_1.o)
 .debug_line    0x000016c1       0xee .\CortexM3\ARM_GCC_541\Debug\Stream mode.a(I2C_Master.o)
 .debug_line    0x000017af      0x122 .\CortexM3\ARM_GCC_541\Debug\Stream mode.a(I2C_Master_INT.o)
 .debug_line    0x000018d1       0xc9 .\CortexM3\ARM_GCC_541\Debug\Stream mode.a(I2C_Master_PM.o)
 .debug_line    0x0000199a      0x20b .\CortexM3\ARM_GCC_541\Debug\Stream mode.a(I2C_Master_MASTER.o)
 .debug_line    0x00001ba5      0x17e .\CortexM3\ARM_GCC_541\Debug\Stream mode.a(UART_1_IntClock.o)
 .debug_line    0x00001d23      0x816 .\CortexM3\ARM_GCC_541\Debug\Stream mode.a(CyLib.o)
 .debug_line    0x00002539      0x367 .\CortexM3\ARM_GCC_541\Debug\Stream mode.a(cyPm.o)
 .debug_line    0x000028a0      0x136 .\CortexM3\ARM_GCC_541\Debug\Stream mode.a(isr_acc_1.o)
 .debug_line    0x000029d6      0x139 .\CortexM3\ARM_GCC_541\Debug\Stream mode.a(isr_stream_1.o)
 .debug_line    0x00002b0f      0x264 .\CortexM3\ARM_GCC_541\Debug\Stream mode.a(EEPROM.o)
 .debug_line    0x00002d73       0x92 .\CortexM3\ARM_GCC_541\Debug\Stream mode.a(LED_R.o)
 .debug_line    0x00002e05       0x92 .\CortexM3\ARM_GCC_541\Debug\Stream mode.a(LED_B.o)
 .debug_line    0x00002e97       0x92 .\CortexM3\ARM_GCC_541\Debug\Stream mode.a(LED_G.o)
 .debug_line    0x00002f29      0x373 .\CortexM3\ARM_GCC_541\Debug\Stream mode.a(ADC_DelSig.o)
 .debug_line    0x0000329c       0x87 .\CortexM3\ARM_GCC_541\Debug\Stream mode.a(ADC_DelSig_INT.o)
 .debug_line    0x00003323      0x173 .\CortexM3\ARM_GCC_541\Debug\Stream mode.a(Timer_1H.o)
 .debug_line    0x00003496      0x13a .\CortexM3\ARM_GCC_541\Debug\Stream mode.a(isr_Counter_3.o)
 .debug_line    0x000035d0       0xb3 .\CortexM3\ARM_GCC_541\Debug\Stream mode.a(ADC_DelSig_AMux.o)
 .debug_line    0x00003683      0x184 .\CortexM3\ARM_GCC_541\Debug\Stream mode.a(ADC_DelSig_Ext_CP_Clk.o)
 .debug_line    0x00003807      0x1a4 .\CortexM3\ARM_GCC_541\Debug\Stream mode.a(ADC_DelSig_theACLK.o)
 .debug_line    0x000039ab      0x13b .\CortexM3\ARM_GCC_541\Debug\Stream mode.a(isr_Counter_1H.o)
 .debug_line    0x00003ae6      0x172 .\CortexM3\ARM_GCC_541\Debug\Stream mode.a(Timer_3.o)
 .debug_line    0x00003c58      0x187 .\CortexM3\ARM_GCC_541\Debug\Stream mode.a(PWM_BUZ.o)
 .debug_line    0x00003ddf      0x13b .\CortexM3\ARM_GCC_541\Debug\Stream mode.a(isr_Counter_30.o)
 .debug_line    0x00003f1a      0x173 .\CortexM3\ARM_GCC_541\Debug\Stream mode.a(Timer_30.o)
 .debug_line    0x0000408d      0x187 .\CortexM3\ARM_GCC_541\Debug\Stream mode.a(PWM_LED.o)
 .debug_line    0x00004214       0x66 .\CortexM3\ARM_GCC_541\Debug\Stream mode.a(CyBootAsmGnu.o)
 .debug_line    0x0000427a      0x21a .\CortexM3\ARM_GCC_541\Debug\Stream mode.a(CyFlash.o)
 .debug_line    0x00004494      0x260 .\CortexM3\ARM_GCC_541\Debug\Stream mode.a(CySpc.o)

.debug_frame    0x00000000     0x2fa0
 *(.debug_frame)
 .debug_frame   0x00000000       0x34 .\CortexM3\ARM_GCC_541\Debug\main.o
 .debug_frame   0x00000034       0xd4 .\CortexM3\ARM_GCC_541\Debug\I2C_Interface.o
 .debug_frame   0x00000108       0xdc .\CortexM3\ARM_GCC_541\Debug\InterruptRoutines.o
 .debug_frame   0x000001e4      0x3d0 .\CortexM3\ARM_GCC_541\Debug\ssd1306.o
 .debug_frame   0x000005b4      0x104 .\CortexM3\ARM_GCC_541\Debug\cyfitter_cfg.o
 .debug_frame   0x000006b8       0xb8 .\CortexM3\ARM_GCC_541\Debug\Cm3Start.o
 .debug_frame   0x00000770      0x250 .\CortexM3\ARM_GCC_541\Debug\Stream mode.a(UART_1.o)
 .debug_frame   0x000009c0       0x90 .\CortexM3\ARM_GCC_541\Debug\Stream mode.a(I2C_Master.o)
 .debug_frame   0x00000a50       0x30 .\CortexM3\ARM_GCC_541\Debug\Stream mode.a(I2C_Master_INT.o)
 .debug_frame   0x00000a80       0x74 .\CortexM3\ARM_GCC_541\Debug\Stream mode.a(I2C_Master_PM.o)
 .debug_frame   0x00000af4      0x138 .\CortexM3\ARM_GCC_541\Debug\Stream mode.a(I2C_Master_MASTER.o)
 .debug_frame   0x00000c2c       0xe0 .\CortexM3\ARM_GCC_541\Debug\Stream mode.a(UART_1_IntClock.o)
 .debug_frame   0x00000d0c      0x738 .\CortexM3\ARM_GCC_541\Debug\Stream mode.a(CyLib.o)
 .debug_frame   0x00001444      0x1f8 .\CortexM3\ARM_GCC_541\Debug\Stream mode.a(cyPm.o)
 .debug_frame   0x0000163c      0x104 .\CortexM3\ARM_GCC_541\Debug\Stream mode.a(isr_acc_1.o)
 .debug_frame   0x00001740      0x104 .\CortexM3\ARM_GCC_541\Debug\Stream mode.a(isr_stream_1.o)
 .debug_frame   0x00001844      0x17c .\CortexM3\ARM_GCC_541\Debug\Stream mode.a(EEPROM.o)
 .debug_frame   0x000019c0       0x50 .\CortexM3\ARM_GCC_541\Debug\Stream mode.a(LED_R.o)
 .debug_frame   0x00001a10       0x50 .\CortexM3\ARM_GCC_541\Debug\Stream mode.a(LED_B.o)
 .debug_frame   0x00001a60       0x50 .\CortexM3\ARM_GCC_541\Debug\Stream mode.a(LED_G.o)
 .debug_frame   0x00001ab0      0x284 .\CortexM3\ARM_GCC_541\Debug\Stream mode.a(ADC_DelSig.o)
 .debug_frame   0x00001d34       0x50 .\CortexM3\ARM_GCC_541\Debug\Stream mode.a(ADC_DelSig_INT.o)
 .debug_frame   0x00001d84      0x124 .\CortexM3\ARM_GCC_541\Debug\Stream mode.a(Timer_1H.o)
 .debug_frame   0x00001ea8      0x104 .\CortexM3\ARM_GCC_541\Debug\Stream mode.a(isr_Counter_3.o)
 .debug_frame   0x00001fac       0x64 .\CortexM3\ARM_GCC_541\Debug\Stream mode.a(ADC_DelSig_AMux.o)
 .debug_frame   0x00002010       0xe0 .\CortexM3\ARM_GCC_541\Debug\Stream mode.a(ADC_DelSig_Ext_CP_Clk.o)
 .debug_frame   0x000020f0      0x100 .\CortexM3\ARM_GCC_541\Debug\Stream mode.a(ADC_DelSig_theACLK.o)
 .debug_frame   0x000021f0      0x104 .\CortexM3\ARM_GCC_541\Debug\Stream mode.a(isr_Counter_1H.o)
 .debug_frame   0x000022f4      0x124 .\CortexM3\ARM_GCC_541\Debug\Stream mode.a(Timer_3.o)
 .debug_frame   0x00002418      0x134 .\CortexM3\ARM_GCC_541\Debug\Stream mode.a(PWM_BUZ.o)
 .debug_frame   0x0000254c      0x104 .\CortexM3\ARM_GCC_541\Debug\Stream mode.a(isr_Counter_30.o)
 .debug_frame   0x00002650      0x124 .\CortexM3\ARM_GCC_541\Debug\Stream mode.a(Timer_30.o)
 .debug_frame   0x00002774      0x134 .\CortexM3\ARM_GCC_541\Debug\Stream mode.a(PWM_LED.o)
 .debug_frame   0x000028a8      0x194 .\CortexM3\ARM_GCC_541\Debug\Stream mode.a(CyFlash.o)
 .debug_frame   0x00002a3c      0x180 .\CortexM3\ARM_GCC_541\Debug\Stream mode.a(CySpc.o)
 .debug_frame   0x00002bbc       0x20 c:/program files (x86)/cypress/psoc creator/4.4/psoc creator/import/gnu/arm/5.4.1/bin/../lib/gcc/arm-none-eabi/5.4.1/../../../../arm-none-eabi/lib/armv7-m\libg_nano.a(lib_a-errno.o)
 .debug_frame   0x00002bdc       0x28 c:/program files (x86)/cypress/psoc creator/4.4/psoc creator/import/gnu/arm/5.4.1/bin/../lib/gcc/arm-none-eabi/5.4.1/../../../../arm-none-eabi/lib/armv7-m\libg_nano.a(lib_a-exit.o)
 .debug_frame   0x00002c04       0x2c c:/program files (x86)/cypress/psoc creator/4.4/psoc creator/import/gnu/arm/5.4.1/bin/../lib/gcc/arm-none-eabi/5.4.1/../../../../arm-none-eabi/lib/armv7-m\libg_nano.a(lib_a-init.o)
 .debug_frame   0x00002c30       0x28 c:/program files (x86)/cypress/psoc creator/4.4/psoc creator/import/gnu/arm/5.4.1/bin/../lib/gcc/arm-none-eabi/5.4.1/../../../../arm-none-eabi/lib/armv7-m\libg_nano.a(lib_a-memcpy-stub.o)
 .debug_frame   0x00002c58       0x20 c:/program files (x86)/cypress/psoc creator/4.4/psoc creator/import/gnu/arm/5.4.1/bin/../lib/gcc/arm-none-eabi/5.4.1/../../../../arm-none-eabi/lib/armv7-m\libg_nano.a(lib_a-memset.o)
 .debug_frame   0x00002c78       0x70 c:/program files (x86)/cypress/psoc creator/4.4/psoc creator/import/gnu/arm/5.4.1/bin/../lib/gcc/arm-none-eabi/5.4.1/../../../../arm-none-eabi/lib/armv7-m\libg_nano.a(lib_a-sprintf.o)
 .debug_frame   0x00002ce8       0x90 c:/program files (x86)/cypress/psoc creator/4.4/psoc creator/import/gnu/arm/5.4.1/bin/../lib/gcc/arm-none-eabi/5.4.1/../../../../arm-none-eabi/lib/armv7-m\libg_nano.a(lib_a-nano-svfprintf.o)
 .debug_frame   0x00002d78       0x60 c:/program files (x86)/cypress/psoc creator/4.4/psoc creator/import/gnu/arm/5.4.1/bin/../lib/gcc/arm-none-eabi/5.4.1/../../../../arm-none-eabi/lib/armv7-m\libg_nano.a(lib_a-nano-vfprintf_i.o)
 .debug_frame   0x00002dd8       0x28 c:/program files (x86)/cypress/psoc creator/4.4/psoc creator/import/gnu/arm/5.4.1/bin/../lib/gcc/arm-none-eabi/5.4.1/../../../../arm-none-eabi/lib/armv7-m\libg_nano.a(lib_a-memchr-stub.o)
 .debug_frame   0x00002e00       0x28 c:/program files (x86)/cypress/psoc creator/4.4/psoc creator/import/gnu/arm/5.4.1/bin/../lib/gcc/arm-none-eabi/5.4.1/../../../../arm-none-eabi/lib/armv7-m\libg_nano.a(lib_a-memmove.o)
 .debug_frame   0x00002e28       0x38 c:/program files (x86)/cypress/psoc creator/4.4/psoc creator/import/gnu/arm/5.4.1/bin/../lib/gcc/arm-none-eabi/5.4.1/../../../../arm-none-eabi/lib/armv7-m\libg_nano.a(lib_a-nano-freer.o)
 .debug_frame   0x00002e60       0x2c c:/program files (x86)/cypress/psoc creator/4.4/psoc creator/import/gnu/arm/5.4.1/bin/../lib/gcc/arm-none-eabi/5.4.1/../../../../arm-none-eabi/lib/armv7-m\libg_nano.a(lib_a-nano-mallocr.o)
 .debug_frame   0x00002e8c       0x3c c:/program files (x86)/cypress/psoc creator/4.4/psoc creator/import/gnu/arm/5.4.1/bin/../lib/gcc/arm-none-eabi/5.4.1/../../../../arm-none-eabi/lib/armv7-m\libg_nano.a(lib_a-nano-reallocr.o)
 .debug_frame   0x00002ec8       0x2c c:/program files (x86)/cypress/psoc creator/4.4/psoc creator/import/gnu/arm/5.4.1/bin/../lib/gcc/arm-none-eabi/5.4.1/../../../../arm-none-eabi/lib/armv7-m\libg_nano.a(lib_a-sbrkr.o)
 .debug_frame   0x00002ef4       0x30 c:/program files (x86)/cypress/psoc creator/4.4/psoc creator/import/gnu/arm/5.4.1/bin/../lib/gcc/arm-none-eabi/5.4.1/../../../../arm-none-eabi/lib/armv7-m\libg_nano.a(lib_a-mlock.o)
 .debug_frame   0x00002f24       0x20 c:/program files (x86)/cypress/psoc creator/4.4/psoc creator/import/gnu/arm/5.4.1/bin/../lib/gcc/arm-none-eabi/5.4.1/../../../../arm-none-eabi/lib/armv7-m\libg_nano.a(lib_a-nano-msizer.o)
 .debug_frame   0x00002f44       0x5c c:/program files (x86)/cypress/psoc creator/4.4/psoc creator/import/gnu/arm/5.4.1/bin/../lib/gcc/arm-none-eabi/5.4.1/../../../../arm-none-eabi/lib/armv7-m\libg_nano.a(lib_a-reent.o)

.debug_str      0x00000000     0x3bbf
 *(.debug_str)
 .debug_str     0x00000000      0x3f1 .\CortexM3\ARM_GCC_541\Debug\main.o
                                0x454 (size before relaxing)
 .debug_str     0x000003f1      0x161 .\CortexM3\ARM_GCC_541\Debug\I2C_Interface.o
                                0x354 (size before relaxing)
 .debug_str     0x00000552      0x301 .\CortexM3\ARM_GCC_541\Debug\InterruptRoutines.o
                                0x60a (size before relaxing)
 .debug_str     0x00000853      0x382 .\CortexM3\ARM_GCC_541\Debug\ssd1306.o
                                0x670 (size before relaxing)
 .debug_str     0x00000bd5      0x203 .\CortexM3\ARM_GCC_541\Debug\cyfitter_cfg.o
                                0x3bc (size before relaxing)
 .debug_str     0x00000dd8       0x75 .\CortexM3\ARM_GCC_541\Debug\cymetadata.o
                                0x1f4 (size before relaxing)
 .debug_str     0x00000e4d      0x13f .\CortexM3\ARM_GCC_541\Debug\Cm3Start.o
                                0x31a (size before relaxing)
 .debug_str     0x00000f8c      0x2d5 .\CortexM3\ARM_GCC_541\Debug\Stream mode.a(UART_1.o)
                                0x4c3 (size before relaxing)
 .debug_str     0x00001261      0x13a .\CortexM3\ARM_GCC_541\Debug\Stream mode.a(I2C_Master.o)
                                0x345 (size before relaxing)
 .debug_str     0x0000139b       0xb7 .\CortexM3\ARM_GCC_541\Debug\Stream mode.a(I2C_Master_INT.o)
                                0x2bc (size before relaxing)
 .debug_str     0x00001452       0x79 .\CortexM3\ARM_GCC_541\Debug\Stream mode.a(I2C_Master_PM.o)
                                0x2cc (size before relaxing)
 .debug_str     0x000014cb      0x14b .\CortexM3\ARM_GCC_541\Debug\Stream mode.a(I2C_Master_MASTER.o)
                                0x455 (size before relaxing)
 .debug_str     0x00001616      0x197 .\CortexM3\ARM_GCC_541\Debug\Stream mode.a(UART_1_IntClock.o)
                                0x35e (size before relaxing)
 .debug_str     0x000017ad      0x7d7 .\CortexM3\ARM_GCC_541\Debug\Stream mode.a(CyLib.o)
                                0xa57 (size before relaxing)
 .debug_str     0x00001f84      0x365 .\CortexM3\ARM_GCC_541\Debug\Stream mode.a(cyPm.o)
                                0x743 (size before relaxing)
 .debug_str     0x000022e9      0x10c .\CortexM3\ARM_GCC_541\Debug\Stream mode.a(isr_acc_1.o)
                                0x2ee (size before relaxing)
 .debug_str     0x000023f5      0x133 .\CortexM3\ARM_GCC_541\Debug\Stream mode.a(isr_stream_1.o)
                                0x318 (size before relaxing)
 .debug_str     0x00002528      0x18e .\CortexM3\ARM_GCC_541\Debug\Stream mode.a(EEPROM.o)
                                0x3d2 (size before relaxing)
 .debug_str     0x000026b6       0x5a .\CortexM3\ARM_GCC_541\Debug\Stream mode.a(LED_R.o)
                                0x1f2 (size before relaxing)
 .debug_str     0x00002710       0x4f .\CortexM3\ARM_GCC_541\Debug\Stream mode.a(LED_B.o)
                                0x1f2 (size before relaxing)
 .debug_str     0x0000275f       0x4f .\CortexM3\ARM_GCC_541\Debug\Stream mode.a(LED_G.o)
                                0x1f2 (size before relaxing)
 .debug_str     0x000027ae      0x434 .\CortexM3\ARM_GCC_541\Debug\Stream mode.a(ADC_DelSig.o)
                                0x6f8 (size before relaxing)
 .debug_str     0x00002be2       0x68 .\CortexM3\ARM_GCC_541\Debug\Stream mode.a(ADC_DelSig_INT.o)
                                0x1f3 (size before relaxing)
 .debug_str     0x00002c4a      0x142 .\CortexM3\ARM_GCC_541\Debug\Stream mode.a(Timer_1H.o)
                                0x381 (size before relaxing)
 .debug_str     0x00002d8c      0x140 .\CortexM3\ARM_GCC_541\Debug\Stream mode.a(isr_Counter_3.o)
                                0x326 (size before relaxing)
 .debug_str     0x00002ecc       0x7b .\CortexM3\ARM_GCC_541\Debug\Stream mode.a(ADC_DelSig_AMux.o)
                                0x240 (size before relaxing)
 .debug_str     0x00002f47      0x170 .\CortexM3\ARM_GCC_541\Debug\Stream mode.a(ADC_DelSig_Ext_CP_Clk.o)
                                0x3a6 (size before relaxing)
 .debug_str     0x000030b7      0x1a3 .\CortexM3\ARM_GCC_541\Debug\Stream mode.a(ADC_DelSig_theACLK.o)
                                0x3d3 (size before relaxing)
 .debug_str     0x0000325a      0x14d .\CortexM3\ARM_GCC_541\Debug\Stream mode.a(isr_Counter_1H.o)
                                0x334 (size before relaxing)
 .debug_str     0x000033a7      0x128 .\CortexM3\ARM_GCC_541\Debug\Stream mode.a(Timer_3.o)
                                0x362 (size before relaxing)
 .debug_str     0x000034cf      0x17d .\CortexM3\ARM_GCC_541\Debug\Stream mode.a(PWM_BUZ.o)
                                0x387 (size before relaxing)
 .debug_str     0x0000364c      0x14d .\CortexM3\ARM_GCC_541\Debug\Stream mode.a(isr_Counter_30.o)
                                0x334 (size before relaxing)
 .debug_str     0x00003799      0x135 .\CortexM3\ARM_GCC_541\Debug\Stream mode.a(Timer_30.o)
                                0x374 (size before relaxing)
 .debug_str     0x000038ce      0x170 .\CortexM3\ARM_GCC_541\Debug\Stream mode.a(PWM_LED.o)
                                0x387 (size before relaxing)
 .debug_str     0x00003a3e      0x113 .\CortexM3\ARM_GCC_541\Debug\Stream mode.a(CyFlash.o)
                                0x3d0 (size before relaxing)
 .debug_str     0x00003b51       0x6e .\CortexM3\ARM_GCC_541\Debug\Stream mode.a(CySpc.o)
                                0x348 (size before relaxing)

.debug_loc      0x00000000     0x45ca
 *(.debug_loc)
 .debug_loc     0x00000000      0x24a .\CortexM3\ARM_GCC_541\Debug\I2C_Interface.o
 .debug_loc     0x0000024a       0xf0 .\CortexM3\ARM_GCC_541\Debug\InterruptRoutines.o
 .debug_loc     0x0000033a      0xda8 .\CortexM3\ARM_GCC_541\Debug\ssd1306.o
 .debug_loc     0x000010e2      0x2cb .\CortexM3\ARM_GCC_541\Debug\cyfitter_cfg.o
 .debug_loc     0x000013ad      0x144 .\CortexM3\ARM_GCC_541\Debug\Cm3Start.o
 .debug_loc     0x000014f1      0x258 .\CortexM3\ARM_GCC_541\Debug\Stream mode.a(UART_1.o)
 .debug_loc     0x00001749       0x39 .\CortexM3\ARM_GCC_541\Debug\Stream mode.a(I2C_Master.o)
 .debug_loc     0x00001782       0x29 .\CortexM3\ARM_GCC_541\Debug\Stream mode.a(I2C_Master_INT.o)
 .debug_loc     0x000017ab       0x13 .\CortexM3\ARM_GCC_541\Debug\Stream mode.a(I2C_Master_PM.o)
 .debug_loc     0x000017be      0x52f .\CortexM3\ARM_GCC_541\Debug\Stream mode.a(I2C_Master_MASTER.o)
 .debug_loc     0x00001ced      0x128 .\CortexM3\ARM_GCC_541\Debug\Stream mode.a(UART_1_IntClock.o)
 .debug_loc     0x00001e15      0xa11 .\CortexM3\ARM_GCC_541\Debug\Stream mode.a(CyLib.o)
 .debug_loc     0x00002826      0x1e4 .\CortexM3\ARM_GCC_541\Debug\Stream mode.a(cyPm.o)
 .debug_loc     0x00002a0a       0x56 .\CortexM3\ARM_GCC_541\Debug\Stream mode.a(isr_acc_1.o)
 .debug_loc     0x00002a60       0x56 .\CortexM3\ARM_GCC_541\Debug\Stream mode.a(isr_stream_1.o)
 .debug_loc     0x00002ab6      0x49f .\CortexM3\ARM_GCC_541\Debug\Stream mode.a(EEPROM.o)
 .debug_loc     0x00002f55       0x42 .\CortexM3\ARM_GCC_541\Debug\Stream mode.a(LED_R.o)
 .debug_loc     0x00002f97       0x42 .\CortexM3\ARM_GCC_541\Debug\Stream mode.a(LED_B.o)
 .debug_loc     0x00002fd9       0x42 .\CortexM3\ARM_GCC_541\Debug\Stream mode.a(LED_G.o)
 .debug_loc     0x0000301b      0x68c .\CortexM3\ARM_GCC_541\Debug\Stream mode.a(ADC_DelSig.o)
 .debug_loc     0x000036a7       0x13 .\CortexM3\ARM_GCC_541\Debug\Stream mode.a(Timer_1H.o)
 .debug_loc     0x000036ba       0x56 .\CortexM3\ARM_GCC_541\Debug\Stream mode.a(isr_Counter_3.o)
 .debug_loc     0x00003710       0x6c .\CortexM3\ARM_GCC_541\Debug\Stream mode.a(ADC_DelSig_AMux.o)
 .debug_loc     0x0000377c      0x12c .\CortexM3\ARM_GCC_541\Debug\Stream mode.a(ADC_DelSig_Ext_CP_Clk.o)
 .debug_loc     0x000038a8      0x14d .\CortexM3\ARM_GCC_541\Debug\Stream mode.a(ADC_DelSig_theACLK.o)
 .debug_loc     0x000039f5       0x56 .\CortexM3\ARM_GCC_541\Debug\Stream mode.a(isr_Counter_1H.o)
 .debug_loc     0x00003a4b       0x13 .\CortexM3\ARM_GCC_541\Debug\Stream mode.a(Timer_3.o)